Microchip MPLAB XC8 Compiler V1.45 ()

Linker command line:

-W-3 --edf=C:\Program Files (x86)\Microchip\xc8\v1.45\dat\en_msgs.txt -cs \
  -h+dist/default/production\uwb_tag3000_pic_host_pro.X.production.sym \
  --cmf=dist/default/production\uwb_tag3000_pic_host_pro.X.production.cmf \
  -z -Q16F18877 -oC:\Users\Admin\AppData\Local\Temp\smrg.2 \
  -Mdist/default/production/uwb_tag3000_pic_host_pro.X.production.map -E1 \
  -ver=XC8 -ASTACK=021BEh-02eefh -pstack=STACK -ACODE=00h-07FFhx16 \
  -ASTRCODE=00h-07FFFh -ASTRING=00h-0FFhx128 -ACONST=00h-0FFhx128 \
  -AENTRY=00h-0FFhx128 -ACOMMON=070h-07Fh -ABANK0=020h-06Fh \
  -ABANK1=0A0h-0EFh -ABANK2=0120h-016Fh -ABANK3=01A0h-01EFh \
  -ABANK4=0220h-026Fh -ABANK5=02A0h-02EFh -ABANK6=0320h-036Fh \
  -ABANK7=03A0h-03EFh -ABANK8=0420h-046Fh -ABANK9=04A0h-04EFh \
  -ABANK10=0520h-056Fh -ABANK11=05A0h-05EFh -ABANK12=0620h-066Fh \
  -ABANK13=06A0h-06EFh -ABANK14=0720h-076Fh -ABANK15=07A0h-07EFh \
  -ABANK16=0820h-086Fh -ABANK17=08A0h-08EFh -ABANK18=0920h-096Fh \
  -ABANK19=09A0h-09EFh -ABANK20=0A20h-0A6Fh -ABANK21=0AA0h-0AEFh \
  -ABANK22=0B20h-0B6Fh -ABANK23=0BA0h-0BEFh -ABANK24=0C20h-0C6Fh \
  -ABANK25=0CA0h-0CEFh -ABANK26=0D20h-0D6Fh -ABANK27=0DA0h-0DEFh \
  -ABANK28=0E20h-0E6Fh -ABANK29=0EA0h-0EEFh -ABANK30=0F20h-0F6Fh \
  -ABANK31=0FA0h-0FEFh -ABANK32=01020h-0106Fh -ABANK33=010A0h-010EFh \
  -ABANK34=01120h-0116Fh -ABANK35=011A0h-011EFh -ABANK36=01220h-0126Fh \
  -ABANK37=012A0h-012EFh -ABANK38=01320h-0136Fh -ABANK39=013A0h-013EFh \
  -ABANK40=01420h-0146Fh -ABANK41=014A0h-014EFh -ABANK42=01520h-0156Fh \
  -ABANK43=015A0h-015EFh -ABANK44=01620h-0166Fh -ABANK45=016A0h-016EFh \
  -ABANK46=01720h-0176Fh -ABANK47=017A0h-017EFh -ABANK48=01820h-0186Fh \
  -ABANK49=018A0h-018EFh -ABANK50=01920h-0196Fh -ABIGRAM=02000h-02FEFh \
  -ARAM=020h-06Fh,0A0h-0EFh,0120h-016Fh,01A0h-01EFh,0220h-026Fh,02A0h-02EFh,0320h-036Fh,03A0h-03EFh,0420h-046Fh,04A0h-04EFh,0520h-056Fh,05A0h-05EFh,0620h-066Fh,06A0h-06EFh,0720h-076Fh,07A0h-07EFh,0820h-086Fh,08A0h-08EFh,0920h-096Fh,09A0h-09EFh,0A20h-0A6Fh,0AA0h-0AEFh,0B20h-0B6Fh,0BA0h-0BEFh,0C20h-0C6Fh,0CA0h-0CEFh,0D20h-0D6Fh,0DA0h-0DEFh,0E20h-0E6Fh,0EA0h-0EEFh,0F20h-0F6Fh,0FA0h-0FEFh,01020h-0106Fh,010A0h-010EFh,01120h-0116Fh,011A0h-011EFh,01220h-0126Fh,012A0h-012EFh,01320h-0136Fh,013A0h-013EFh,01420h-0146Fh,014A0h-014EFh,01520h-0156Fh,015A0h-015EFh,01620h-0166Fh,016A0h-016EFh,01720h-0176Fh,017A0h-017EFh,01820h-0186Fh,018A0h-018EFh,01920h-0196Fh \
  -AABS1=020h-07Fh,0A0h-0EFh,0120h-016Fh,01A0h-01EFh,0220h-026Fh,02A0h-02EFh,0320h-036Fh,03A0h-03EFh,0420h-046Fh,04A0h-04EFh,0520h-056Fh,05A0h-05EFh,0620h-066Fh,06A0h-06EFh,0720h-076Fh,07A0h-07EFh,0820h-086Fh,08A0h-08EFh,0920h-096Fh,09A0h-09EFh,0A20h-0A6Fh,0AA0h-0AEFh,0B20h-0B6Fh,0BA0h-0BEFh,0C20h-0C6Fh,0CA0h-0CEFh,0D20h-0D6Fh,0DA0h-0DEFh,0E20h-0E6Fh,0EA0h-0EEFh,0F20h-0F6Fh,0FA0h-0FEFh,01020h-0106Fh,010A0h-010EFh,01120h-0116Fh,011A0h-011EFh,01220h-0126Fh,012A0h-012EFh,01320h-0136Fh,013A0h-013EFh,01420h-0146Fh,014A0h-014EFh,01520h-0156Fh,015A0h-015EFh,01620h-0166Fh,016A0h-016EFh,01720h-0176Fh,017A0h-017EFh,01820h-0186Fh,018A0h-018EFh,01920h-0196Fh \
  -ASFR0=00h-01Fh -ASFR1=080h-09Fh -ASFR2=0100h-011Fh -ASFR3=0180h-019Fh \
  -ASFR4=0200h-021Fh -ASFR5=0280h-029Fh -ASFR6=0300h-031Fh \
  -ASFR7=0380h-039Fh -ASFR8=0400h-041Fh -ASFR9=0480h-049Fh \
  -ASFR10=0500h-051Fh -ASFR11=0580h-059Fh -ASFR12=0600h-061Fh \
  -ASFR13=0680h-069Fh -ASFR14=0700h-071Fh -ASFR15=0780h-079Fh \
  -ASFR16=0800h-081Fh -ASFR17=0880h-089Fh -ASFR18=0900h-091Fh \
  -ASFR19=0980h-099Fh -ASFR20=0A00h-0A1Fh -ASFR21=0A80h-0A9Fh \
  -ASFR22=0B00h-0B1Fh -ASFR23=0B80h-0B9Fh -ASFR24=0C00h-0C1Fh \
  -ASFR25=0C80h-0C9Fh -ASFR26=0D00h-0D1Fh -ASFR27=0D80h-0D9Fh \
  -ASFR28=0E00h-0E1Fh -ASFR29=0E80h-0E9Fh -ASFR30=0F00h-0F1Fh \
  -ASFR31=0F80h-0F9Fh -ASFR32=01000h-0101Fh -ASFR33=01080h-0109Fh \
  -ASFR34=01100h-0111Fh -ASFR35=01180h-0119Fh -ASFR36=01200h-0121Fh \
  -ASFR37=01280h-0129Fh -ASFR38=01300h-0131Fh -ASFR39=01380h-0139Fh \
  -ASFR40=01400h-0141Fh -ASFR41=01480h-0149Fh -ASFR42=01500h-0151Fh \
  -ASFR43=01580h-0159Fh -ASFR44=01600h-0161Fh -ASFR45=01680h-0169Fh \
  -ASFR46=01700h-0171Fh -ASFR47=01780h-0179Fh -ASFR48=01800h-0181Fh \
  -ASFR49=01880h-0189Fh -ASFR50=01900h-0191Fh -ASFR51=01980h-019EFh \
  -ASFR52=01A00h-01A6Fh -ASFR53=01A80h-01AEFh -ASFR54=01B00h-01B6Fh \
  -ASFR55=01B80h-01BEFh -ASFR56=01C00h-01C6Fh -ASFR57=01C80h-01CEFh \
  -ASFR58=01D00h-01D6Fh -ASFR59=01D80h-01DEFh -ASFR60=01E00h-01E6Fh \
  -ASFR61=01E80h-01EEFh -ASFR62=01F00h-01F6Fh -ASFR63=01F80h-01FEFh \
  -preset_vec=00h,intentry=04h,init,end_init -ppowerup=CODE -pcinit=CODE \
  -pfunctab=ENTRY -ACONFIG=08007h-0800Bh -pconfig=CONFIG -DCONFIG=2 \
  -AIDLOC=08000h-08003h -pidloc=IDLOC -DIDLOC=2 -AEEDATA=00h-0FFh/0F000h \
  -peeprom_data=EEDATA -DEEDATA=2 -DCODE=2 -DSTRCODE=2 -DSTRING=2 -DCONST=2 \
  -DENTRY=2 -k C:\Users\Admin\AppData\Local\Temp\smrg.obj \
  dist/default/production\uwb_tag3000_pic_host_pro.X.production.obj 

Object code version is 3.11

Machine type is 16F18877



                Name                               Link     Load   Length Selector   Space Scale
C:\Users\Admin\AppData\Local\Temp\smrg.obj
                end_init                             19       19        2        8       0
                reset_vec                             0        0        2        0       0
                config                             8007     8007        5    1000E       0
dist/default/production\uwb_tag3000_pic_host_pro.X.production.obj
                cinit                                1B       1B       68        8       0
                intentry                              4        4       15        8       0
                text92                             20A6     20A6        9     414C       0
                text90                             20C1     20C1        B     4182       0
                text89                             20AF     20AF        9     415E       0
                text88                             2412     2412       29     4824       0
                text87                             195B     195B       59     32B6       0
                text86                             209E     209E        8     413C       0
                text85                             20E2     20E2        C     41C4       0
                text84                             2145     2145       15     428A       0
                text83                             1B94     1B94       64     3728       0
                text82                             12EB     12EB       B4     25D6       0
                text81                             1E4C     1E4C       87     3C98       0
                text80                             2465     2465       2B     48CA       0
                text79                             25A4     25A4       34     4B48       0
                text78                             24E8     24E8       2D     49D0       0
                text77                             21BA     21BA       1B     4374       0
                text76                             2113     2113        E     4226       0
                text75                              800      800        8     1000       0
                text74                             2086     2086        4     410C       0
                text73                              CBD      CBD      343     197A       0
                text72                             215A     215A       16     42B4       0
                text71                             2170     2170       16     42E0       0
                text70                             243B     243B       2A     4876       0
                text69                             20CC     20CC        B     4198       0
                text68                             22CE     22CE       1D     459C       0
                text67                             2186     2186       1A     430C       0
                text66                             21D5     21D5       1B     43AA       0
                text65                             21F0     21F0       1B     43E0       0
                text64                             2350     2350       26     46A0       0
                text63                              96D      96D      199     12DA       0
                text62                             139F     139F       D9     273E       0
                text61                             27AF     27AF       51     4F5E       0
                text60                             260C     260C       37     4C18       0
                text59                             18B7     18B7       51     316E       0
                text58                             1684     1684      17C     2D08       0
                text57                             276C     276C       43     4ED8       0
                text56                             25D8     25D8       34     4BB0       0
                text55                             26B1     26B1       3A     4D62       0
                text54                             2643     2643       37     4C86       0
                text53                             1ACF     1ACF       62     359E       0
                text52                             2490     2490       2C     4920       0
                text51                             2226     2226       1C     444C       0
                text50                             1554     1554      130     2AA8       0
                text49                             1B31     1B31       63     3662       0
                text48                             23C2     23C2       28     4784       0
                text47                             272B     272B       41     4E56       0
                text46                              71A      71A       E4        8       0
                text45                             2242     2242       1C     4484       0
                text44                             2572     2572       32     4AE4       0
                text43                             1BF8     1BF8       6E     37F0       0
                text42                               83       83      697        8       0
                text41                             19B4     19B4       5A     3368       0
                text40                             225E     225E       1C     44BC       0
                text39                             123A     123A       B1     2474       0
                text38                             1000     1000       56     197A       0
                text37                             1ED3     1ED3       93     3DA6       0
                text36                             1D50     1D50       7B     3AA0       0
                text35                             1C66     1C66       75     38CC       0
                text34                             26EB     26EB       40     4DD6       0
                text33                             22EB     22EB       1D     45D6       0
                text32                             267A     267A       37     4CF4       0
                text31                             2542     2542       30     4A84       0
                text30                              B06      B06      1B7     160C       0
                text29                             227A     227A       1C     44F4       0
                text28                             2296     2296       1C     452C       0
                text27                              808      808      165     1010       0
                text26                             1DCB     1DCB       81     3B96       0
                text25                             1478     1478       DC     28F0       0
                text24                             2131     2131       14     4262       0
                text23                             21A0     21A0       1A     4340       0
                text22                             1A6E     1A6E       61     34DC       0
                text21                             208A     208A        5     4114       0
                text20                             2121     2121       10     4242       0
                text19                             208F     208F        5     411E       0
                text18                             2094     2094        5     4128       0
                text17                             2099     2099        5     4132       0
                text16                             20D7     20D7        B     41AE       0
                text15                             23EA     23EA       28     47D4       0
                text14                             22B2     22B2       1C     4564       0
                text13                             2376     2376       26     46EC       0
                text12                             1908     1908       53     3210       0
                text11                             2515     2515       2D     4A2A       0
                text10                             1056     1056       9E     20AC       0
                text9                              220B     220B       1B     4416       0
                text8                              239C     239C       26     4738       0
                text7                              10F4     10F4       A1     21E8       0
                text6                              1A0E     1A0E       60     341C       0
                text5                              2106     2106        D     420C       0
                text4                              1F66     1F66       9A     3ECC       0
                text3                              1195     1195       A5     232A       0
                text2                              2308     2308       24     4610       0
                text1                              24BC     24BC       2C     4978       0
                maintext                           1CDB     1CDB       75     39B6       0
                cstackBANK0                          20       20       50       20       1
                cstackCOMMON                         70       70        C       70       1
                cstackBANK1                          A0       A0       50       A0       1
                cstackBANK2                         150      150       17      120       1
                clrtext                            20EE     20EE        C     41DC       0
                inittext                           20FA     20FA        C     41F4       0
                bssBANK5                            2A0      2A0       2E      2A0       1
                dataBANK4                           220      220       24      220       1
                bssBANK4                            244      244       15      220       1
                dataBANK3                           1CA      1CA       1D      1A0       1
                bssBANK3                            1A0      1A0       2A      1A0       1
                dataBANK2                           167      167        9      120       1
                bssBANK2                            120      120       30      120       1
                dataCOMMON                           7C       7C        1       70       1
                stringtext28                       29AA     29AA        7     5000       0
                stringtext27                       2999     2999        9     5000       0
                stringtext26                       298F     298F        A     5000       0
                stringtext25                       2985     2985        A     5000       0
                stringtext24                       297B     297B        A     5000       0
                stringtext23                       2966     2966        B     5000       0
                stringtext22                       295A     295A        C     5000       0
                stringtext21                       294C     294C        E     5000       0
                stringtext20                       293E     293E        E     5000       0
                stringtext19                       2921     2921        F     5000       0
                stringtext18                       2912     2912        F     5000       0
                stringtext17                       2902     2902       10     5000       0
                stringtext16                       28F1     28F1       11     5000       0
                stringtext15                       28E0     28E0       11     5000       0
                stringtext14                       28CF     28CF       11     5000       0
                stringtext13                       28BE     28BE       11     5000       0
                stringtext12                       28AC     28AC       12     5000       0
                stringtext11                       2899     2899       13     5000       0
                stringtext10                       2886     2886       13     5000       0
                stringtext9                        2873     2873       13     5000       0
                stringtext8                        285D     285D       16     5000       0
                stringtext7                        2843     2843       1A     5000       0
                stringtext6                        2824     2824       1F     5000       0
                stringtext5                        2800     2800       24     5000       0
                stringtext4                        1800     1800       9A     3000       0
                stringtext3                        29A2     29A2        8     5000       0
                stringtext2                        2971     2971        A     5000       0
                stringtext1                        2930     2930        E     5000       0
                idataBANK4                         232C     232C       24     4658       0
                idataBANK3                         189A     189A       1D     3134       0
                idataBANK2                         20B8     20B8        9     4170       0
                idataCOMMON                         7FE      7FE        1        8       0

TOTAL           Name                               Link     Load   Length     Space
        CLASS   STACK          

        CLASS   CODE           
                end_init                             19       19        2         0
                cinit                                1B       1B       68         0
                intentry                              4        4       15         0
                reset_vec                             0        0        2         0
                text92                             20A6     20A6        9         0
                text90                             20C1     20C1        B         0
                text89                             20AF     20AF        9         0
                text88                             2412     2412       29         0
                text87                             195B     195B       59         0
                text86                             209E     209E        8         0
                text85                             20E2     20E2        C         0
                text84                             2145     2145       15         0
                text83                             1B94     1B94       64         0
                text82                             12EB     12EB       B4         0
                text81                             1E4C     1E4C       87         0
                text80                             2465     2465       2B         0
                text79                             25A4     25A4       34         0
                text78                             24E8     24E8       2D         0
                text77                             21BA     21BA       1B         0
                text76                             2113     2113        E         0
                text75                              800      800        8         0
                text74                             2086     2086        4         0
                text73                              CBD      CBD      343         0
                text72                             215A     215A       16         0
                text71                             2170     2170       16         0
                text70                             243B     243B       2A         0
                text69                             20CC     20CC        B         0
                text68                             22CE     22CE       1D         0
                text67                             2186     2186       1A         0
                text66                             21D5     21D5       1B         0
                text65                             21F0     21F0       1B         0
                text64                             2350     2350       26         0
                text63                              96D      96D      199         0
                text62                             139F     139F       D9         0
                text61                             27AF     27AF       51         0
                text60                             260C     260C       37         0
                text59                             18B7     18B7       51         0
                text58                             1684     1684      17C         0
                text57                             276C     276C       43         0
                text56                             25D8     25D8       34         0
                text55                             26B1     26B1       3A         0
                text54                             2643     2643       37         0
                text53                             1ACF     1ACF       62         0
                text52                             2490     2490       2C         0
                text51                             2226     2226       1C         0
                text50                             1554     1554      130         0
                text49                             1B31     1B31       63         0
                text48                             23C2     23C2       28         0
                text47                             272B     272B       41         0
                text46                              71A      71A       E4         0
                text45                             2242     2242       1C         0
                text44                             2572     2572       32         0
                text43                             1BF8     1BF8       6E         0
                text42                               83       83      697         0
                text41                             19B4     19B4       5A         0
                text40                             225E     225E       1C         0
                text39                             123A     123A       B1         0
                text38                             1000     1000       56         0
                text37                             1ED3     1ED3       93         0
                text36                             1D50     1D50       7B         0
                text35                             1C66     1C66       75         0
                text34                             26EB     26EB       40         0
                text33                             22EB     22EB       1D         0
                text32                             267A     267A       37         0
                text31                             2542     2542       30         0
                text30                              B06      B06      1B7         0
                text29                             227A     227A       1C         0
                text28                             2296     2296       1C         0
                text27                              808      808      165         0
                text26                             1DCB     1DCB       81         0
                text25                             1478     1478       DC         0
                text24                             2131     2131       14         0
                text23                             21A0     21A0       1A         0
                text22                             1A6E     1A6E       61         0
                text21                             208A     208A        5         0
                text20                             2121     2121       10         0
                text19                             208F     208F        5         0
                text18                             2094     2094        5         0
                text17                             2099     2099        5         0
                text16                             20D7     20D7        B         0
                text15                             23EA     23EA       28         0
                text14                             22B2     22B2       1C         0
                text13                             2376     2376       26         0
                text12                             1908     1908       53         0
                text11                             2515     2515       2D         0
                text10                             1056     1056       9E         0
                text9                              220B     220B       1B         0
                text8                              239C     239C       26         0
                text7                              10F4     10F4       A1         0
                text6                              1A0E     1A0E       60         0
                text5                              2106     2106        D         0
                text4                              1F66     1F66       9A         0
                text3                              1195     1195       A5         0
                text2                              2308     2308       24         0
                text1                              24BC     24BC       2C         0
                maintext                           1CDB     1CDB       75         0
                clrtext                            20EE     20EE        C         0
                inittext                           20FA     20FA        C         0
                idataBANK4                         232C     232C       24         0
                idataBANK3                         189A     189A       1D         0
                idataBANK2                         20B8     20B8        9         0
                idataCOMMON                         7FE      7FE        1         0

        CLASS   STRCODE        
                stringtext28                       29AA     29AA        7         0
                stringtext27                       2999     2999        9         0
                stringtext26                       298F     298F        A         0
                stringtext25                       2985     2985        A         0
                stringtext24                       297B     297B        A         0
                stringtext23                       2966     2966        B         0
                stringtext22                       295A     295A        C         0
                stringtext21                       294C     294C        E         0
                stringtext20                       293E     293E        E         0
                stringtext19                       2921     2921        F         0
                stringtext18                       2912     2912        F         0
                stringtext17                       2902     2902       10         0
                stringtext16                       28F1     28F1       11         0
                stringtext15                       28E0     28E0       11         0
                stringtext14                       28CF     28CF       11         0
                stringtext13                       28BE     28BE       11         0
                stringtext12                       28AC     28AC       12         0
                stringtext11                       2899     2899       13         0
                stringtext10                       2886     2886       13         0
                stringtext9                        2873     2873       13         0
                stringtext8                        285D     285D       16         0
                stringtext7                        2843     2843       1A         0
                stringtext6                        2824     2824       1F         0
                stringtext5                        2800     2800       24         0
                stringtext4                        1800     1800       9A         0
                stringtext3                        29A2     29A2        8         0
                stringtext2                        2971     2971        A         0
                stringtext1                        2930     2930        E         0

        CLASS   STRING         

        CLASS   CONST          

        CLASS   ENTRY          

        CLASS   COMMON         
                cstackCOMMON                         70       70        C         1
                dataCOMMON                           7C       7C        1         1

        CLASS   BANK0          
                cstackBANK0                          20       20       50         1

        CLASS   BANK1          
                cstackBANK1                          A0       A0       50         1

        CLASS   BANK2          
                cstackBANK2                         150      150       17         1
                dataBANK2                           167      167        9         1
                bssBANK2                            120      120       30         1

        CLASS   BANK3          
                dataBANK3                           1CA      1CA       1D         1
                bssBANK3                            1A0      1A0       2A         1

        CLASS   BANK4          
                dataBANK4                           220      220       24         1
                bssBANK4                            244      244       15         1

        CLASS   BANK5          
                bssBANK5                            2A0      2A0       2E         1

        CLASS   BANK6          

        CLASS   BANK7          

        CLASS   BANK8          

        CLASS   BANK9          

        CLASS   BANK10         

        CLASS   BANK11         

        CLASS   BANK12         

        CLASS   BANK13         

        CLASS   BANK14         

        CLASS   BANK15         

        CLASS   BANK16         

        CLASS   BANK17         

        CLASS   BANK18         

        CLASS   BANK19         

        CLASS   BANK20         

        CLASS   BANK21         

        CLASS   BANK22         

        CLASS   BANK23         

        CLASS   BANK24         

        CLASS   BANK25         

        CLASS   BANK26         

        CLASS   BANK27         

        CLASS   BANK28         

        CLASS   BANK29         

        CLASS   BANK30         

        CLASS   BANK31         

        CLASS   BANK32         

        CLASS   BANK33         

        CLASS   BANK34         

        CLASS   BANK35         

        CLASS   BANK36         

        CLASS   BANK37         

        CLASS   BANK38         

        CLASS   BANK39         

        CLASS   BANK40         

        CLASS   BANK41         

        CLASS   BANK42         

        CLASS   BANK43         

        CLASS   BANK44         

        CLASS   BANK45         

        CLASS   BANK46         

        CLASS   BANK47         

        CLASS   BANK48         

        CLASS   BANK49         

        CLASS   BANK50         

        CLASS   BIGRAM         

        CLASS   RAM            

        CLASS   ABS1           
                abs_s1                               7E       7E        2         1
                abs_s1                             17E0     17E0       10         1
                abs_s1                             1820     1820       50         1
                abs_s1                             18A0     18A0       50         1
                abs_s1                             1920     1920       50         1
                abs_s1                             2EF0     2EF0        0         1

        CLASS   SFR0           

        CLASS   SFR1           

        CLASS   SFR2           

        CLASS   SFR3           

        CLASS   SFR4           

        CLASS   SFR5           

        CLASS   SFR6           

        CLASS   SFR7           

        CLASS   SFR8           

        CLASS   SFR9           

        CLASS   SFR10          

        CLASS   SFR11          

        CLASS   SFR12          

        CLASS   SFR13          

        CLASS   SFR14          

        CLASS   SFR15          

        CLASS   SFR16          

        CLASS   SFR17          

        CLASS   SFR18          

        CLASS   SFR19          

        CLASS   SFR20          

        CLASS   SFR21          

        CLASS   SFR22          

        CLASS   SFR23          

        CLASS   SFR24          

        CLASS   SFR25          

        CLASS   SFR26          

        CLASS   SFR27          

        CLASS   SFR28          

        CLASS   SFR29          

        CLASS   SFR30          

        CLASS   SFR31          

        CLASS   SFR32          

        CLASS   SFR33          

        CLASS   SFR34          

        CLASS   SFR35          

        CLASS   SFR36          

        CLASS   SFR37          

        CLASS   SFR38          

        CLASS   SFR39          

        CLASS   SFR40          

        CLASS   SFR41          

        CLASS   SFR42          

        CLASS   SFR43          

        CLASS   SFR44          

        CLASS   SFR45          

        CLASS   SFR46          

        CLASS   SFR47          

        CLASS   SFR48          

        CLASS   SFR49          

        CLASS   SFR50          

        CLASS   SFR51          

        CLASS   SFR52          

        CLASS   SFR53          

        CLASS   SFR54          

        CLASS   SFR55          

        CLASS   SFR56          

        CLASS   SFR57          

        CLASS   SFR58          

        CLASS   SFR59          

        CLASS   SFR60          

        CLASS   SFR61          

        CLASS   SFR62          

        CLASS   SFR63          

        CLASS   CONFIG         
                config                             8007     8007        5         0

        CLASS   IDLOC          

        CLASS   EEDATA         

        CLASS   BANK63         

        CLASS   BANK62         

        CLASS   BANK61         

        CLASS   BANK60         

        CLASS   BANK59         

        CLASS   BANK58         

        CLASS   BANK57         

        CLASS   BANK56         

        CLASS   BANK55         

        CLASS   BANK54         

        CLASS   BANK53         

        CLASS   BANK52         

        CLASS   BANK51         



SEGMENTS        Name                           Load    Length   Top    Selector   Space  Class     Delta

                reset_vec                      000000  000002  000002         0       0  CODE        2
                intentry                       000004  0007FB  0007FF         8       0  CODE        2
                cstackBANK0                    000020  000050  000070        20       1  BANK0       1
                cstackCOMMON                   000070  00000D  00007D        70       1  COMMON      1
                cstackBANK1                    0000A0  000050  0000F0        A0       1  BANK1       1
                bssBANK2                       000120  000050  000170       120       1  BANK2       1
                bssBANK3                       0001A0  000047  0001E7       1A0       1  BANK3       1
                dataBANK4                      000220  000039  000259       220       1  BANK4       1
                bssBANK5                       0002A0  00002E  0002CE       2A0       1  BANK5       1
                text75                         000800  000008  000808      1000       0  CODE        2
                text27                         000808  000165  00096D      1010       0  CODE        2
                text63                         00096D  000199  000B06      12DA       0  CODE        2
                text30                         000B06  0001B7  000CBD      160C       0  CODE        2
                text73                         000CBD  000399  001056      197A       0  CODE        2
                text10                         001056  00009E  0010F4      20AC       0  CODE        2
                text7                          0010F4  0000A1  001195      21E8       0  CODE        2
                text3                          001195  0000A5  00123A      232A       0  CODE        2
                text39                         00123A  0000B1  0012EB      2474       0  CODE        2
                text82                         0012EB  0000B4  00139F      25D6       0  CODE        2
                text62                         00139F  0000D9  001478      273E       0  CODE        2
                text25                         001478  0000DC  001554      28F0       0  CODE        2
                text50                         001554  000130  001684      2AA8       0  CODE        2
                text58                         001684  00017C  001800      2D08       0  CODE        2
                stringtext4                    001800  00009A  00189A      3000       0  STRCODE     2
                idataBANK3                     00189A  00001D  0018B7      3134       0  CODE        2
                text59                         0018B7  000051  001908      316E       0  CODE        2
                text12                         001908  000053  00195B      3210       0  CODE        2
                text87                         00195B  000059  0019B4      32B6       0  CODE        2
                text41                         0019B4  00005A  001A0E      3368       0  CODE        2
                text6                          001A0E  000060  001A6E      341C       0  CODE        2
                text22                         001A6E  000061  001ACF      34DC       0  CODE        2
                text53                         001ACF  000062  001B31      359E       0  CODE        2
                text49                         001B31  000063  001B94      3662       0  CODE        2
                text83                         001B94  000064  001BF8      3728       0  CODE        2
                text43                         001BF8  00006E  001C66      37F0       0  CODE        2
                text35                         001C66  000075  001CDB      38CC       0  CODE        2
                maintext                       001CDB  000075  001D50      39B6       0  CODE        2
                text36                         001D50  00007B  001DCB      3AA0       0  CODE        2
                text26                         001DCB  000081  001E4C      3B96       0  CODE        2
                text81                         001E4C  000087  001ED3      3C98       0  CODE        2
                text37                         001ED3  000093  001F66      3DA6       0  CODE        2
                text4                          001F66  00009A  002000      3ECC       0  CODE        2
                text74                         002086  000004  00208A      410C       0  CODE        2
                text21                         00208A  000005  00208F      4114       0  CODE        2
                text19                         00208F  000005  002094      411E       0  CODE        2
                text18                         002094  000005  002099      4128       0  CODE        2
                text17                         002099  000005  00209E      4132       0  CODE        2
                text86                         00209E  000008  0020A6      413C       0  CODE        2
                text92                         0020A6  000009  0020AF      414C       0  CODE        2
                text89                         0020AF  000009  0020B8      415E       0  CODE        2
                idataBANK2                     0020B8  000009  0020C1      4170       0  CODE        2
                text90                         0020C1  00000B  0020CC      4182       0  CODE        2
                text69                         0020CC  00000B  0020D7      4198       0  CODE        2
                text16                         0020D7  00000B  0020E2      41AE       0  CODE        2
                text85                         0020E2  00000C  0020EE      41C4       0  CODE        2
                clrtext                        0020EE  00000C  0020FA      41DC       0  CODE        2
                inittext                       0020FA  00000C  002106      41F4       0  CODE        2
                text5                          002106  00000D  002113      420C       0  CODE        2
                text76                         002113  00000E  002121      4226       0  CODE        2
                text20                         002121  000010  002131      4242       0  CODE        2
                text24                         002131  000014  002145      4262       0  CODE        2
                text84                         002145  000015  00215A      428A       0  CODE        2
                text72                         00215A  000016  002170      42B4       0  CODE        2
                text71                         002170  000016  002186      42E0       0  CODE        2
                text67                         002186  00001A  0021A0      430C       0  CODE        2
                text23                         0021A0  00001A  0021BA      4340       0  CODE        2
                text77                         0021BA  00001B  0021D5      4374       0  CODE        2
                text66                         0021D5  00001B  0021F0      43AA       0  CODE        2
                text65                         0021F0  00001B  00220B      43E0       0  CODE        2
                text9                          00220B  00001B  002226      4416       0  CODE        2
                text51                         002226  00001C  002242      444C       0  CODE        2
                text45                         002242  00001C  00225E      4484       0  CODE        2
                text40                         00225E  00001C  00227A      44BC       0  CODE        2
                text29                         00227A  00001C  002296      44F4       0  CODE        2
                text28                         002296  00001C  0022B2      452C       0  CODE        2
                text14                         0022B2  00001C  0022CE      4564       0  CODE        2
                text68                         0022CE  00001D  0022EB      459C       0  CODE        2
                text33                         0022EB  00001D  002308      45D6       0  CODE        2
                text2                          002308  000024  00232C      4610       0  CODE        2
                idataBANK4                     00232C  000024  002350      4658       0  CODE        2
                text64                         002350  000026  002376      46A0       0  CODE        2
                text13                         002376  000026  00239C      46EC       0  CODE        2
                text8                          00239C  000026  0023C2      4738       0  CODE        2
                text48                         0023C2  000028  0023EA      4784       0  CODE        2
                text15                         0023EA  000028  002412      47D4       0  CODE        2
                text88                         002412  000029  00243B      4824       0  CODE        2
                text70                         00243B  00002A  002465      4876       0  CODE        2
                text80                         002465  00002B  002490      48CA       0  CODE        2
                text52                         002490  00002C  0024BC      4920       0  CODE        2
                text1                          0024BC  00002C  0024E8      4978       0  CODE        2
                text78                         0024E8  00002D  002515      49D0       0  CODE        2
                text11                         002515  00002D  002542      4A2A       0  CODE        2
                text31                         002542  000030  002572      4A84       0  CODE        2
                text44                         002572  000032  0025A4      4AE4       0  CODE        2
                text79                         0025A4  000034  0025D8      4B48       0  CODE        2
                text56                         0025D8  000034  00260C      4BB0       0  CODE        2
                text60                         00260C  000037  002643      4C18       0  CODE        2
                text54                         002643  000037  00267A      4C86       0  CODE        2
                text32                         00267A  000037  0026B1      4CF4       0  CODE        2
                text55                         0026B1  00003A  0026EB      4D62       0  CODE        2
                text34                         0026EB  000040  00272B      4DD6       0  CODE        2
                text47                         00272B  000041  00276C      4E56       0  CODE        2
                text57                         00276C  000043  0027AF      4ED8       0  CODE        2
                text61                         0027AF  000051  002800      4F5E       0  CODE        2
                stringtext5                    002800  0001B1  0029B1      5000       0  STRCODE     2
                config                         008007  000005  00800C     1000E       0  CONFIG      2


UNUSED ADDRESS RANGES

        Name                Unused          Largest block    Delta
        BANK10           00520-0056F              50           1
        BANK11           005A0-005EF              50           1
        BANK12           00620-0066F              50           1
        BANK13           006A0-006EF              50           1
        BANK14           00720-0076F              50           1
        BANK15           007A0-007EF              50           1
        BANK16           00820-0086F              50           1
        BANK17           008A0-008EF              50           1
        BANK18           00920-0096F              50           1
        BANK19           009A0-009EF              50           1
        BANK20           00A20-00A6F              50           1
        BANK21           00AA0-00AEF              50           1
        BANK22           00B20-00B6F              50           1
        BANK23           00BA0-00BEF              50           1
        BANK24           00C20-00C6F              50           1
        BANK25           00CA0-00CEF              50           1
        BANK26           00D20-00D6F              50           1
        BANK27           00DA0-00DEF              50           1
        BANK28           00E20-00E6F              50           1
        BANK29           00EA0-00EEF              50           1
        BANK3            001E7-001EF               9           1
        BANK30           00F20-00F6F              50           1
        BANK31           00FA0-00FEF              50           1
        BANK32           01020-0106F              50           1
        BANK33           010A0-010EF              50           1
        BANK34           01120-0116F              50           1
        BANK35           011A0-011EF              50           1
        BANK36           01220-0126F              50           1
        BANK37           012A0-012EF              50           1
        BANK38           01320-0136F              50           1
        BANK39           013A0-013EF              50           1
        BANK4            00259-0026F              17           1
        BANK40           01420-0146F              50           1
        BANK41           014A0-014EF              50           1
        BANK42           01520-0156F              50           1
        BANK43           015A0-015EF              50           1
        BANK44           01620-0166F              50           1
        BANK45           016A0-016EF              50           1
        BANK46           01720-0176F              50           1
        BANK47           017A0-017DF              40           1
        BANK5            002CE-002EF              22           1
        BANK6            00320-0036F              50           1
        BANK7            003A0-003EF              50           1
        BANK8            00420-0046F              50           1
        BANK9            004A0-004EF              50           1
        BIGRAM           02000-02FEF             FF0           1
        CODE             00002-00003               2           2
                         007FF-007FF               1
                         02000-02085              86
                         029B1-07FFF             800
        COMMON           0007D-0007D               1           1
        CONST            00002-00003               2           2
                         007FF-007FF               1
                         02000-02085              86
                         029B1-07FFF             100
        EEDATA           0F000-0F0FF             100           2
        ENTRY            00002-00003               2           2
                         007FF-007FF               1
                         02000-02085              86
                         029B1-07FFF             100
        IDLOC            08000-08003               4           2
        RAM              001E7-001EF               9           1
                         00259-0026F              17
                         002CE-002EF              22
                         00320-0036F              50
                         003A0-003EF              50
                         00420-0046F              50
                         004A0-004EF              50
                         00520-0056F              50
                         005A0-005EF              50
                         00620-0066F              50
                         006A0-006EF              50
                         00720-0076F              50
                         007A0-007EF              50
                         00820-0086F              50
                         008A0-008EF              50
                         00920-0096F              50
                         009A0-009EF              50
                         00A20-00A6F              50
                         00AA0-00AEF              50
                         00B20-00B6F              50
                         00BA0-00BEF              50
                         00C20-00C6F              50
                         00CA0-00CEF              50
                         00D20-00D6F              50
                         00DA0-00DEF              50
                         00E20-00E6F              50
                         00EA0-00EEF              50
                         00F20-00F6F              50
                         00FA0-00FEF              50
                         01020-0106F              50
                         010A0-010EF              50
                         01120-0116F              50
                         011A0-011EF              50
                         01220-0126F              50
                         012A0-012EF              50
                         01320-0136F              50
                         013A0-013EF              50
                         01420-0146F              50
                         014A0-014EF              50
                         01520-0156F              50
                         015A0-015EF              50
                         01620-0166F              50
                         016A0-016EF              50
                         01720-0176F              50
                         017A0-017DF              40
        SFR0             00000-0001F              20           1
        SFR1             00080-0009F              20           1
        SFR10            00500-0051F              20           1
        SFR11            00580-0059F              20           1
        SFR12            00600-0061F              20           1
        SFR13            00680-0069F              20           1
        SFR14            00700-0071F              20           1
        SFR15            00780-0079F              20           1
        SFR16            00800-0081F              20           1
        SFR17            00880-0089F              20           1
        SFR18            00900-0091F              20           1
        SFR19            00980-0099F              20           1
        SFR2             00100-0011F              20           1
        SFR20            00A00-00A1F              20           1
        SFR21            00A80-00A9F              20           1
        SFR22            00B00-00B1F              20           1
        SFR23            00B80-00B9F              20           1
        SFR24            00C00-00C1F              20           1
        SFR25            00C80-00C9F              20           1
        SFR26            00D00-00D1F              20           1
        SFR27            00D80-00D9F              20           1
        SFR28            00E00-00E1F              20           1
        SFR29            00E80-00E9F              20           1
        SFR3             00180-0019F              20           1
        SFR30            00F00-00F1F              20           1
        SFR31            00F80-00F9F              20           1
        SFR32            01000-0101F              20           1
        SFR33            01080-0109F              20           1
        SFR34            01100-0111F              20           1
        SFR35            01180-0119F              20           1
        SFR36            01200-0121F              20           1
        SFR37            01280-0129F              20           1
        SFR38            01300-0131F              20           1
        SFR39            01380-0139F              20           1
        SFR4             00200-0021F              20           1
        SFR40            01400-0141F              20           1
        SFR41            01480-0149F              20           1
        SFR42            01500-0151F              20           1
        SFR43            01580-0159F              20           1
        SFR44            01600-0161F              20           1
        SFR45            01680-0169F              20           1
        SFR46            01700-0171F              20           1
        SFR47            01780-0179F              20           1
        SFR48            01800-0181F              20           1
        SFR49            01880-0189F              20           1
        SFR5             00280-0029F              20           1
        SFR50            01900-0191F              20           1
        SFR51            01980-019EF              70           1
        SFR52            01A00-01A6F              70           1
        SFR53            01A80-01AEF              70           1
        SFR54            01B00-01B6F              70           1
        SFR55            01B80-01BEF              70           1
        SFR56            01C00-01C6F              70           1
        SFR57            01C80-01CEF              70           1
        SFR58            01D00-01D6F              70           1
        SFR59            01D80-01DEF              70           1
        SFR6             00300-0031F              20           1
        SFR60            01E00-01E6F              70           1
        SFR61            01E80-01EEF              70           1
        SFR62            01F00-01F6F              70           1
        SFR63            01F80-01FEF              70           1
        SFR7             00380-0039F              20           1
        SFR8             00400-0041F              20           1
        SFR9             00480-0049F              20           1
        STACK            021BE-02EEF             D32           1
        STRCODE          00002-00003               2           2
                         007FF-007FF               1
                         02000-02085              86
                         029B1-07FFF            564F
        STRING           00002-00003               2           2
                         007FF-007FF               1
                         02000-02085              86
                         029B1-07FFF             100

                                  Symbol Table

?___ftmul                                  cstackBANK0  00024
?___ftpack                                 cstackCOMMON 00071
?___fttol                                  cstackBANK0  00034
?___lltoft                                 cstackBANK0  00020
?___lmul                                   cstackCOMMON 00071
?___lwdiv                                  cstackCOMMON 00071
?___lwmod                                  cstackBANK0  00020
?___wmul                                   cstackCOMMON 00071
?__doprnt                                  cstackBANK0  00024
?__dwt_otpread                             cstackBANK1  000C5
?_dwt_check_dev_id                         cstackBANK0  0006B
?_dwt_configure                            cstackBANK1  000DA
?_dwt_initialise                           cstackBANK1  000CD
?_dwt_pgf_cal                              cstackBANK1  000D3
?_dwt_read16bitoffsetreg                   cstackBANK1  000AB
?_dwt_read32bitoffsetreg                   cstackBANK1  000AB
?_dwt_readdevid                            cstackBANK1  000C5
?_dwt_run_pgfcal                           cstackBANK1  000C5
?_get_sts_mnth                             cstackBANK0  00024
?_printf                                   cstackBANK0  00038
EUSART_Write@txData                        cstackCOMMON 00071
PIN_MANAGER_Initialize@state               cstackCOMMON 0007A
SPI1_ExchangeByte@data                     cstackCOMMON 00071
SPI1_Open@spi1UniqueConfiguration          cstackCOMMON 00076
SPI1_ReadBlock@block                       cstackCOMMON 00072
SPI1_ReadBlock@blockSize                   cstackCOMMON 00074
SPI1_ReadBlock@data                        cstackCOMMON 00077
SPI1_WriteBlock@block                      cstackCOMMON 00072
SPI1_WriteBlock@blockSize                  cstackCOMMON 00074
SPI1_WriteBlock@data                       cstackCOMMON 00076
Sleep@i                                    cstackCOMMON 00076
Sleep@time                                 cstackCOMMON 00071
_ADDR                                      dataBANK3    001D8
_ANSELA                                    (abs)        01F38
_ANSELB                                    (abs)        01F43
_ANSELC                                    (abs)        01F4E
_ANSELD                                    (abs)        01F59
_ANSELE                                    (abs)        01F64
_BAUD1CON                                  (abs)        0011F
_DW3000local                               bssBANK5     002A0
_EUSART_ErrorHandler                       bssBANK2     00146
_EUSART_FramingErrorHandler                bssBANK2     0014A
_EUSART_Initialize                         text90       020C1
_EUSART_OverrunErrorHandler                bssBANK2     00148
_EUSART_Write                              text75       00800
_GIE                                       (abs)        0005F
_I2C_read_buff                             bssBANK3     001C0
_INTCONbits                                (abs)        0000B
_INTERRUPT_InterruptManager                intentry     00004
_LATA                                      (abs)        00016
_LATAbits                                  (abs)        00016
_LATB                                      (abs)        00017
_LATBbits                                  (abs)        00017
_LATC                                      (abs)        00018
_LATCbits                                  (abs)        00018
_LATD                                      (abs)        00019
_LATDbits                                  (abs)        00019
_LATE                                      (abs)        0001A
_ODCONA                                    (abs)        01F3A
_ODCONAbits                                (abs)        01F3A
_ODCONB                                    (abs)        01F45
_ODCONBbits                                (abs)        01F45
_ODCONC                                    (abs)        01F50
_ODCOND                                    (abs)        01F5B
_ODCONE                                    (abs)        01F66
_OSCCON1                                   (abs)        0088D
_OSCCON3                                   (abs)        0088F
_OSCEN                                     (abs)        00891
_OSCFRQ                                    (abs)        00893
_OSCILLATOR_Initialize                     text89       020AF
_OSCTUNE                                   (abs)        00892
_PIE0bits                                  (abs)        00716
_PIE3bits                                  (abs)        00719
_PIN_MANAGER_Initialize                    text87       0195B
_PIR0bits                                  (abs)        0070C
_PIR3bits                                  (abs)        0070F
_PMD0                                      (abs)        00796
_PMD1                                      (abs)        00797
_PMD2                                      (abs)        00798
_PMD3                                      (abs)        00799
_PMD4                                      (abs)        0079A
_PMD5                                      (abs)        0079B
_PMD_Initialize                            text86       0209E
_PORTAbits                                 (abs)        0000C
_PORTBbits                                 (abs)        0000D
_PPSLOCK                                   (abs)        01E8F
_PPSLOCKbits                               (abs)        01E8F
_RC1PPS                                    (abs)        01F21
_RC1REG                                    (abs)        00119
_RC1STA                                    (abs)        0011D
_RC1STAbits                                (abs)        0011D
_RC2PPS                                    (abs)        01F22
_RC3PPS                                    (abs)        01F23
_RC4PPS                                    (abs)        01F24
_RC5PPS                                    (abs)        01F25
_RXPPS                                     (abs)        01ECB
_SP1BRGH                                   (abs)        0011C
_SP1BRGL                                   (abs)        0011B
_SPI1_ExchangeByte                         text69       020CC
_SPI1_Open                                 text6        01A0E
_SPI1_ReadBlock                            text68       022CE
_SPI1_WriteBlock                           text67       02186
_SSP1ADD                                   (abs)        0018D
_SSP1BUF                                   (abs)        0018C
_SSP1CLKPPS                                (abs)        01EC5
_SSP1CON1                                  (abs)        00190
_SSP1CON1bits                              (abs)        00190
_SSP1CON2                                  (abs)        00191
_SSP1CON2bits                              (abs)        00191
_SSP1CON3                                  (abs)        00192
_SSP1DATPPS                                (abs)        01EC6
_SSP1MSK                                   (abs)        0018E
_SSP1STAT                                  (abs)        0018F
_SSP1STATbits                              (abs)        0018F
_SYSTEM_Initialize                         text85       020E2
_Sleep                                     text88       02412
_T0CON0                                    (abs)        0001E
_T0CON0bits                                (abs)        0001E
_T0CON1                                    (abs)        0001F
_TMR0H                                     (abs)        0001D
_TMR0L                                     (abs)        0001C
_TMR0_Initialize                           text84       02145
_TMR0_Reload                               text92       020A6
_TRISA                                     (abs)        00011
_TRISB                                     (abs)        00012
_TRISC                                     (abs)        00013
_TRISCbits                                 (abs)        00013
_TRISD                                     (abs)        00014
_TRISE                                     (abs)        00015
_TX1REG                                    (abs)        0011A
_TX1STA                                    (abs)        0011E
_TX1STAbits                                (abs)        0011E
_WDTCON0                                   (abs)        0080C
_WPUA                                      (abs)        01F39
_WPUB                                      (abs)        01F44
_WPUC                                      (abs)        01F4F
_WPUD                                      (abs)        01F5A
_WPUE                                      (abs)        01F65
__CFG_BOREN$ON                             (abs)        00000
__CFG_BORV$LO                              (abs)        00000
__CFG_CLKOUTEN$OFF                         (abs)        00000
__CFG_CP$OFF                               (abs)        00000
__CFG_CPD$OFF                              (abs)        00000
__CFG_CSWEN$ON                             (abs)        00000
__CFG_DEBUG$OFF                            (abs)        00000
__CFG_FCMEN$ON                             (abs)        00000
__CFG_FEXTOSC$OFF                          (abs)        00000
__CFG_LPBOREN$OFF                          (abs)        00000
__CFG_LVP$OFF                              (abs)        00000
__CFG_MCLRE$ON                             (abs)        00000
__CFG_PPS1WAY$OFF                          (abs)        00000
__CFG_PWRTE$OFF                            (abs)        00000
__CFG_RSTOSC$HFINT32                       (abs)        00000
__CFG_SCANE$available                      (abs)        00000
__CFG_STVREN$ON                            (abs)        00000
__CFG_WDTCCS$LFINTOSC                      (abs)        00000
__CFG_WDTCPS$WDTCPS_11                     (abs)        00000
__CFG_WDTCWS$WDTCWS_7                      (abs)        00000
__CFG_WDTE$ON                              (abs)        00000
__CFG_WRT$OFF                              (abs)        00000
__CFG_ZCD$OFF                              (abs)        00000
__Habs1                                    abs1         00000
__Hbank0                                   bank0        00000
__Hbank1                                   bank1        00000
__Hbank10                                  bank10       00000
__Hbank11                                  bank11       00000
__Hbank12                                  bank12       00000
__Hbank13                                  bank13       00000
__Hbank14                                  bank14       00000
__Hbank15                                  bank15       00000
__Hbank16                                  bank16       00000
__Hbank17                                  bank17       00000
__Hbank18                                  bank18       00000
__Hbank19                                  bank19       00000
__Hbank2                                   bank2        00000
__Hbank20                                  bank20       00000
__Hbank21                                  bank21       00000
__Hbank22                                  bank22       00000
__Hbank23                                  bank23       00000
__Hbank24                                  bank24       00000
__Hbank25                                  bank25       00000
__Hbank26                                  bank26       00000
__Hbank27                                  bank27       00000
__Hbank28                                  bank28       00000
__Hbank29                                  bank29       00000
__Hbank3                                   bank3        00000
__Hbank30                                  bank30       00000
__Hbank31                                  bank31       00000
__Hbank32                                  bank32       00000
__Hbank33                                  bank33       00000
__Hbank34                                  bank34       00000
__Hbank35                                  bank35       00000
__Hbank36                                  bank36       00000
__Hbank37                                  bank37       00000
__Hbank38                                  bank38       00000
__Hbank39                                  bank39       00000
__Hbank4                                   bank4        00000
__Hbank40                                  bank40       00000
__Hbank41                                  bank41       00000
__Hbank42                                  bank42       00000
__Hbank43                                  bank43       00000
__Hbank44                                  bank44       00000
__Hbank45                                  bank45       00000
__Hbank46                                  bank46       00000
__Hbank47                                  bank47       00000
__Hbank48                                  bank48       00000
__Hbank49                                  bank49       00000
__Hbank5                                   bank5        00000
__Hbank50                                  bank50       00000
__Hbank51                                  bank51       00000
__Hbank52                                  bank52       00000
__Hbank53                                  bank53       00000
__Hbank54                                  bank54       00000
__Hbank55                                  bank55       00000
__Hbank56                                  bank56       00000
__Hbank57                                  bank57       00000
__Hbank58                                  bank58       00000
__Hbank59                                  bank59       00000
__Hbank6                                   bank6        00000
__Hbank60                                  bank60       00000
__Hbank61                                  bank61       00000
__Hbank62                                  bank62       00000
__Hbank63                                  bank63       00000
__Hbank7                                   bank7        00000
__Hbank8                                   bank8        00000
__Hbank9                                   bank9        00000
__Hbigram                                  bigram       00000
__HbssBANK2                                bssBANK2     00000
__HbssBANK3                                bssBANK3     00000
__HbssBANK4                                bssBANK4     00000
__HbssBANK5                                bssBANK5     00000
__Hcinit                                   cinit        00083
__Hclrtext                                 clrtext      00000
__Hcode                                    code         00000
__Hcommon                                  common       00000
__Hconfig                                  config       0800C
__HcstackBANK0                             cstackBANK0  00000
__HcstackBANK1                             cstackBANK1  00000
__HcstackBANK2                             cstackBANK2  00000
__HcstackCOMMON                            cstackCOMMON 00000
__HdataBANK2                               dataBANK2    00000
__HdataBANK3                               dataBANK3    00000
__HdataBANK4                               dataBANK4    00000
__HdataCOMMON                              dataCOMMON   00000
__Heeprom_data                             eeprom_data  00000
__Hend_init                                end_init     0001B
__Hfunctab                                 functab      00000
__HidataBANK2                              idataBANK2   00000
__HidataBANK3                              idataBANK3   00000
__HidataBANK4                              idataBANK4   00000
__HidataCOMMON                             idataCOMMON  00000
__Hidloc                                   idloc        00000
__Hinit                                    init         00019
__Hinittext                                inittext     00000
__Hintentry                                intentry     00019
__Hmaintext                                maintext     00000
__Hpowerup                                 powerup      00000
__Hram                                     ram          00000
__Hreset_vec                               reset_vec    00002
__Hsfr0                                    sfr0         00000
__Hsfr1                                    sfr1         00000
__Hsfr10                                   sfr10        00000
__Hsfr11                                   sfr11        00000
__Hsfr12                                   sfr12        00000
__Hsfr13                                   sfr13        00000
__Hsfr14                                   sfr14        00000
__Hsfr15                                   sfr15        00000
__Hsfr16                                   sfr16        00000
__Hsfr17                                   sfr17        00000
__Hsfr18                                   sfr18        00000
__Hsfr19                                   sfr19        00000
__Hsfr2                                    sfr2         00000
__Hsfr20                                   sfr20        00000
__Hsfr21                                   sfr21        00000
__Hsfr22                                   sfr22        00000
__Hsfr23                                   sfr23        00000
__Hsfr24                                   sfr24        00000
__Hsfr25                                   sfr25        00000
__Hsfr26                                   sfr26        00000
__Hsfr27                                   sfr27        00000
__Hsfr28                                   sfr28        00000
__Hsfr29                                   sfr29        00000
__Hsfr3                                    sfr3         00000
__Hsfr30                                   sfr30        00000
__Hsfr31                                   sfr31        00000
__Hsfr32                                   sfr32        00000
__Hsfr33                                   sfr33        00000
__Hsfr34                                   sfr34        00000
__Hsfr35                                   sfr35        00000
__Hsfr36                                   sfr36        00000
__Hsfr37                                   sfr37        00000
__Hsfr38                                   sfr38        00000
__Hsfr39                                   sfr39        00000
__Hsfr4                                    sfr4         00000
__Hsfr40                                   sfr40        00000
__Hsfr41                                   sfr41        00000
__Hsfr42                                   sfr42        00000
__Hsfr43                                   sfr43        00000
__Hsfr44                                   sfr44        00000
__Hsfr45                                   sfr45        00000
__Hsfr46                                   sfr46        00000
__Hsfr47                                   sfr47        00000
__Hsfr48                                   sfr48        00000
__Hsfr49                                   sfr49        00000
__Hsfr5                                    sfr5         00000
__Hsfr50                                   sfr50        00000
__Hsfr51                                   sfr51        00000
__Hsfr52                                   sfr52        00000
__Hsfr53                                   sfr53        00000
__Hsfr54                                   sfr54        00000
__Hsfr55                                   sfr55        00000
__Hsfr56                                   sfr56        00000
__Hsfr57                                   sfr57        00000
__Hsfr58                                   sfr58        00000
__Hsfr59                                   sfr59        00000
__Hsfr6                                    sfr6         00000
__Hsfr60                                   sfr60        00000
__Hsfr61                                   sfr61        00000
__Hsfr62                                   sfr62        00000
__Hsfr63                                   sfr63        00000
__Hsfr7                                    sfr7         00000
__Hsfr8                                    sfr8         00000
__Hsfr9                                    sfr9         00000
__Hspace_0                                 (abs)        0800C
__Hspace_1                                 (abs)        002CE
__Hspace_2                                 (abs)        00000
__Hspace_3                                 (abs)        00000
__Hstack                                   stack        00000
__Hstrings                                 strings      00000
__Hstringtext1                             stringtext1  00000
__Hstringtext10                            stringtext10 00000
__Hstringtext11                            stringtext11 00000
__Hstringtext12                            stringtext12 00000
__Hstringtext13                            stringtext13 00000
__Hstringtext14                            stringtext14 00000
__Hstringtext15                            stringtext15 00000
__Hstringtext16                            stringtext16 00000
__Hstringtext17                            stringtext17 00000
__Hstringtext18                            stringtext18 00000
__Hstringtext19                            stringtext19 00000
__Hstringtext2                             stringtext2  00000
__Hstringtext20                            stringtext20 00000
__Hstringtext21                            stringtext21 00000
__Hstringtext22                            stringtext22 00000
__Hstringtext23                            stringtext23 00000
__Hstringtext24                            stringtext24 00000
__Hstringtext25                            stringtext25 00000
__Hstringtext26                            stringtext26 00000
__Hstringtext27                            stringtext27 00000
__Hstringtext28                            stringtext28 00000
__Hstringtext29                            stringtext29 00000
__Hstringtext3                             stringtext3  00000
__Hstringtext4                             stringtext4  00000
__Hstringtext5                             stringtext5  00000
__Hstringtext6                             stringtext6  00000
__Hstringtext7                             stringtext7  00000
__Hstringtext8                             stringtext8  00000
__Hstringtext9                             stringtext9  00000
__Htext                                    text         00000
__Labs1                                    abs1         00000
__Lbank0                                   bank0        00000
[...]
      Totals:         9       0       0       0       0       0       0       0       0       0       0       0       0       0       0       0       0       0       0       0       0       0       0       0       0       0       0       0       0       0       0       0       0       0       0       0       0       0       0       0       0       0       0       0       0       0       0       0       0       0       0       0
Total ram usage:        9 bytes
 Hardware stack levels used:    1
 Hardware stack levels required when called:    2
 This function calls:
		Nothing
 This function is called by:
		_PIN_MANAGER_Initialize
		_dwt_initialise
		_dwt_configure
		_dwt_run_pgfcal
		_reset_DWIC
		_dw_main
		_deca_sleep
		_spi_cs_low_delay
		_wakeup_device_with_io
		_port_wakeup_dw_ic
 This function uses a non-reentrant model


 *************** function _OSCILLATOR_Initialize *****************
 Defined at:
		line 58 in file "mcc_generated_files/mcc.c"
 Parameters:    Size  Location     Type
		None
 Auto vars:     Size  Location     Type
		None
 Return value:  Size  Location     Type
                  1    wreg      void 
 Registers used:
		wreg, status,2
 Tracked objects:
		On entry : 
		On exit  : 
		Unchanged: 
 Data sizes:     COMMON   BANK0   BANK1   BANK2   BANK3   BANK4   BANK5   BANK6   BANK7   BANK8   BANK9  BANK10  BANK11  BANK12  BANK13  BANK14  BANK15  BANK16  BANK17  BANK18  BANK19  BANK20  BANK21  BANK22  BANK23  BANK24  BANK25  BANK26  BANK27  BANK28  BANK29  BANK30  BANK31  BANK32  BANK33  BANK34  BANK35  BANK36  BANK37  BANK38  BANK39  BANK40  BANK41  BANK42  BANK43  BANK44  BANK45  BANK46  BANK47  BANK48  BANK49  BANK50
      Params:         0       0       0       0       0       0       0       0       0       0       0       0       0       0       0       0       0       0       0       0       0       0       0       0       0       0       0       0       0       0       0       0       0       0       0       0       0       0       0       0       0       0       0       0       0       0       0       0       0       0       0       0
      Locals:         0       0       0       0       0       0       0       0       0       0       0       0       0       0       0       0       0       0       0       0       0       0       0       0       0       0       0       0       0       0       0       0       0       0       0       0       0       0       0       0       0       0       0       0       0       0       0       0       0       0       0       0
      Temps:          0       0       0       0       0       0       0       0       0       0       0       0       0       0       0       0       0       0       0       0       0       0       0       0       0       0       0       0       0       0       0       0       0       0       0       0       0       0       0       0       0       0       0       0       0       0       0       0       0       0       0       0
      Totals:         0       0       0       0       0       0       0       0       0       0       0       0       0       0       0       0       0       0       0       0       0       0       0       0       0       0       0       0       0       0       0       0       0       0       0       0       0       0       0       0       0       0       0       0       0       0       0       0       0       0       0       0
Total ram usage:        0 bytes
 Hardware stack levels used:    1
 Hardware stack levels required when called:    2
 This function calls:
		Nothing
 This function is called by:
		_SYSTEM_Initialize
 This function uses a non-reentrant model


 *************** function _EUSART_Initialize *****************
 Defined at:
		line 66 in file "mcc_generated_files/eusart.c"
 Parameters:    Size  Location     Type
		None
 Auto vars:     Size  Location     Type
		None
 Return value:  Size  Location     Type
                  1    wreg      void 
 Registers used:
		wreg, status,2
 Tracked objects:
		On entry : 
		On exit  : 
		Unchanged: 
 Data sizes:     COMMON   BANK0   BANK1   BANK2   BANK3   BANK4   BANK5   BANK6   BANK7   BANK8   BANK9  BANK10  BANK11  BANK12  BANK13  BANK14  BANK15  BANK16  BANK17  BANK18  BANK19  BANK20  BANK21  BANK22  BANK23  BANK24  BANK25  BANK26  BANK27  BANK28  BANK29  BANK30  BANK31  BANK32  BANK33  BANK34  BANK35  BANK36  BANK37  BANK38  BANK39  BANK40  BANK41  BANK42  BANK43  BANK44  BANK45  BANK46  BANK47  BANK48  BANK49  BANK50
      Params:         0       0       0       0       0       0       0       0       0       0       0       0       0       0       0       0       0       0       0       0       0       0       0       0       0       0       0       0       0       0       0       0       0       0       0       0       0       0       0       0       0       0       0       0       0       0       0       0       0       0       0       0
      Locals:         0       0       0       0       0       0       0       0       0       0       0       0       0       0       0       0       0       0       0       0       0       0       0       0       0       0       0       0       0       0       0       0       0       0       0       0       0       0       0       0       0       0       0       0       0       0       0       0       0       0       0       0
      Temps:          0       0       0       0       0       0       0       0       0       0       0       0       0       0       0       0       0       0       0       0       0       0       0       0       0       0       0       0       0       0       0       0       0       0       0       0       0       0       0       0       0       0       0       0       0       0       0       0       0       0       0       0
      Totals:         0       0       0       0       0       0       0       0       0       0       0       0       0       0       0       0       0       0       0       0       0       0       0       0       0       0       0       0       0       0       0       0       0       0       0       0       0       0       0       0       0       0       0       0       0       0       0       0       0       0       0       0
Total ram usage:        0 bytes
 Hardware stack levels used:    1
 Hardware stack levels required when called:    2
 This function calls:
		Nothing
 This function is called by:
		_main
 This function uses a non-reentrant model


 *************** function _INTERRUPT_InterruptManager *****************
 Defined at:
		line 52 in file "mcc_generated_files/interrupt_manager.c"
 Parameters:    Size  Location     Type
		None
 Auto vars:     Size  Location     Type
		None
 Return value:  Size  Location     Type
                  1    wreg      void 
 Registers used:
		wreg, status,2, status,0, pclath, cstack
 Tracked objects:
		On entry : 
		On exit  : 
		Unchanged: 
 Data sizes:     COMMON   BANK0   BANK1   BANK2   BANK3   BANK4   BANK5   BANK6   BANK7   BANK8   BANK9  BANK10  BANK11  BANK12  BANK13  BANK14  BANK15  BANK16  BANK17  BANK18  BANK19  BANK20  BANK21  BANK22  BANK23  BANK24  BANK25  BANK26  BANK27  BANK28  BANK29  BANK30  BANK31  BANK32  BANK33  BANK34  BANK35  BANK36  BANK37  BANK38  BANK39  BANK40  BANK41  BANK42  BANK43  BANK44  BANK45  BANK46  BANK47  BANK48  BANK49  BANK50
      Params:         0       0       0       0       0       0       0       0       0       0       0       0       0       0       0       0       0       0       0       0       0       0       0       0       0       0       0       0       0       0       0       0       0       0       0       0       0       0       0       0       0       0       0       0       0       0       0       0       0       0       0       0
      Locals:         0       0       0       0       0       0       0       0       0       0       0       0       0       0       0       0       0       0       0       0       0       0       0       0       0       0       0       0       0       0       0       0       0       0       0       0       0       0       0       0       0       0       0       0       0       0       0       0       0       0       0       0
      Temps:          1       0       0       0       0       0       0       0       0       0       0       0       0       0       0       0       0       0       0       0       0       0       0       0       0       0       0       0       0       0       0       0       0       0       0       0       0       0       0       0       0       0       0       0       0       0       0       0       0       0       0       0
      Totals:         1       0       0       0       0       0       0       0       0       0       0       0       0       0       0       0       0       0       0       0       0       0       0       0       0       0       0       0       0       0       0       0       0       0       0       0       0       0       0       0       0       0       0       0       0       0       0       0       0       0       0       0
Total ram usage:        1 bytes
 Hardware stack levels used:    1
 Hardware stack levels required when called:    1
 This function calls:
		_TMR0_Reload
 This function is called by:
		Interrupt level 1
 This function uses a non-reentrant model


 *************** function _TMR0_Reload *****************
 Defined at:
		line 103 in file "mcc_generated_files/tmr0.c"
 Parameters:    Size  Location     Type
		None
 Auto vars:     Size  Location     Type
		None
 Return value:  Size  Location     Type
                  1    wreg      void 
 Registers used:
		wreg, status,2
 Tracked objects:
		On entry : 
		On exit  : 
		Unchanged: 
 Data sizes:     COMMON   BANK0   BANK1   BANK2   BANK3   BANK4   BANK5   BANK6   BANK7   BANK8   BANK9  BANK10  BANK11  BANK12  BANK13  BANK14  BANK15  BANK16  BANK17  BANK18  BANK19  BANK20  BANK21  BANK22  BANK23  BANK24  BANK25  BANK26  BANK27  BANK28  BANK29  BANK30  BANK31  BANK32  BANK33  BANK34  BANK35  BANK36  BANK37  BANK38  BANK39  BANK40  BANK41  BANK42  BANK43  BANK44  BANK45  BANK46  BANK47  BANK48  BANK49  BANK50
      Params:         0       0       0       0       0       0       0       0       0       0       0       0       0       0       0       0       0       0       0       0       0       0       0       0       0       0       0       0       0       0       0       0       0       0       0       0       0       0       0       0       0       0       0       0       0       0       0       0       0       0       0       0
      Locals:         0       0       0       0       0       0       0       0       0       0       0       0       0       0       0       0       0       0       0       0       0       0       0       0       0       0       0       0       0       0       0       0       0       0       0       0       0       0       0       0       0       0       0       0       0       0       0       0       0       0       0       0
      Temps:          0       0       0       0       0       0       0       0       0       0       0       0       0       0       0       0       0       0       0       0       0       0       0       0       0       0       0       0       0       0       0       0       0       0       0       0       0       0       0       0       0       0       0       0       0       0       0       0       0       0       0       0
      Totals:         0       0       0       0       0       0       0       0       0       0       0       0       0       0       0       0       0       0       0       0       0       0       0       0       0       0       0       0       0       0       0       0       0       0       0       0       0       0       0       0       0       0       0       0       0       0       0       0       0       0       0       0
Total ram usage:        0 bytes
 Hardware stack levels used:    1
 This function calls:
		Nothing
 This function is called by:
		_INTERRUPT_InterruptManager
 This function uses a non-reentrant model



MODULE INFORMATION

Module		Function		Class		Link	Load	Size
pic_i2c.c
		_i2c_start     		CODE           	2094	0000	6
		_i2c_restart   		CODE           	208F	0000	6
		_i2c_write     		CODE           	20D7	0000	12
		_i2c_stop      		CODE           	2099	0000	6
		_i2c_read      		CODE           	2121	0000	17
		_i2c_init      		CODE           	2106	0000	14

pic_i2c.c estimated size: 61

C:\Program Files (x86)\Microchip\xc8\v1.45\sources\common\float.c
		___ftpack      		CODE           	1B94	0000	101

C:\Program Files (x86)\Microchip\xc8\v1.45\sources\common\float.c estimated size: 101

deca_device.c
		_dwt_write32bitoffsetreg		CODE           	18B7	0000	82
		_dwt_write16bitoffsetreg		CODE           	23C2	0000	41
		_dwt_enable_rf_tx		CODE           	123A	0000	178
		_dwt_read32bitoffsetreg		CODE           	1ACF	0000	99
		_dwt_read16bitoffsetreg		CODE           	26B1	0000	59
		_dwt_configuretxrf		CODE           	1D50	0000	124
		_dwt_readdevid 		CODE           	22EB	0000	30
		_dwt_xfer3000  		CODE           	096D	0000	410
		_dwt_force_clocks		CODE           	272B	0000	66
		_dwt_check_dev_id		CODE           	267A	0000	56
		_dwt_initialise		CODE           	0B06	0000	440
		_dwt_starttx   		CODE           	0808	0000	358
		_dwt_modify32bitoffsetreg		CODE           	139F	0000	218
		_dwt_modify16bitoffsetreg		CODE           	276C	0000	68
		_dwt_writetxdata		CODE           	1DCB	0000	130
		_dwt_readfromdevice		CODE           	25D8	0000	53
		_dwt_setrxantennadelay		CODE           	227A	0000	29
		_dwt_settxantennadelay		CODE           	2296	0000	29
		_dwt_calcbandwidthadj		CODE           	1ED3	0000	148
		_get_sts_mnth  		CODE           	1BF8	0000	111
		_dwt_setdwstate		CODE           	071A	0000	229
		__dwt_kick_dgc_on_wakeup		CODE           	27AF	0000	82
		_dwt_enable_rftx_blocks		CODE           	1000	0000	87
		_dwt_run_pgfcal		CODE           	1554	0000	305
		_dwt_checkidlerc		CODE           	2542	0000	49
		__dwt_otpread  		CODE           	1C66	0000	118
		_dwt_disable_rf_tx		CODE           	19B4	0000	91
		__dwt_prog_ldo_and_bias_tune		CODE           	26EB	0000	65
		_dwt_setplenfine		CODE           	2242	0000	29
		_dwt_pgf_cal   		CODE           	1B31	0000	100
		_dwt_disable_rftx_blocks		CODE           	225E	0000	29
		_dwt_modify8bitoffsetreg		CODE           	2643	0000	56
		_dwt_generatecrc8		CODE           	243B	0000	43
		_dwt_configure 		CODE           	0083	0000	1688
		_dwt_write8bitoffsetreg		CODE           	2226	0000	29
		_dwt_writetxfctrl		CODE           	1478	0000	221
		_dwt_writetodevice		CODE           	260C	0000	56
		_dwt_configmrxlut		CODE           	1684	0000	381
		_dwt_read8bitoffsetreg		CODE           	2490	0000	45

deca_device.c estimated size: 6432

C:\Program Files (x86)\Microchip\xc8\v1.45\sources\common\doprnt.c
		__doprnt       		CODE           	0CBD	0000	836

C:\Program Files (x86)\Microchip\xc8\v1.45\sources\common\doprnt.c estimated size: 836

deca_spi.c
		_writetospiwithcrc		CODE           	2350	0000	39
		_readfromspi   		CODE           	21D5	0000	28
		_writetospi    		CODE           	21F0	0000	28

deca_spi.c estimated size: 95

C:\Program Files (x86)\Microchip\xc8\v1.45\sources\common\lltoft.c
		___lltoft      		CODE           	2465	0000	44

C:\Program Files (x86)\Microchip\xc8\v1.45\sources\common\lltoft.c estimated size: 44

mcc_generated_files/interrupt_manager.c
		_INTERRUPT_InterruptManager		CODE           	0004	0000	22

mcc_generated_files/interrupt_manager.c estimated size: 22

C:\Program Files (x86)\Microchip\xc8\v1.45\sources\common\Umul16.c
		___wmul        		CODE           	21BA	0000	28

C:\Program Files (x86)\Microchip\xc8\v1.45\sources\common\Umul16.c estimated size: 28

mcc_generated_files/tmr0.c
		_TMR0_Reload   		CODE           	20A6	0000	10
		_TMR0_Initialize		CODE           	2145	0000	22

mcc_generated_files/tmr0.c estimated size: 32

mcc_generated_files/pin_manager.c
		_PIN_MANAGER_Initialize		CODE           	195B	0000	90

mcc_generated_files/pin_manager.c estimated size: 90

C:\Program Files (x86)\Microchip\xc8\v1.45\sources\common\isdigit.c
		_isdigit       		CODE           	2113	0000	15

C:\Program Files (x86)\Microchip\xc8\v1.45\sources\common\isdigit.c estimated size: 15

mcc_generated_files/spi1.c
		_SPI1_WriteBlock		CODE           	2186	0000	27
		_SPI1_ReadBlock		CODE           	22CE	0000	30
		_SPI1_Open     		CODE           	1A0E	0000	97
		_SPI1_ExchangeByte		CODE           	20CC	0000	12

mcc_generated_files/spi1.c estimated size: 166

C:\Program Files (x86)\Microchip\xc8\v1.45\sources\common\lwmod.c
		___lwmod       		CODE           	24E8	0000	46

C:\Program Files (x86)\Microchip\xc8\v1.45\sources\common\lwmod.c estimated size: 46

C:\Program Files (x86)\Microchip\xc8\v1.45\sources\common\ftmul.c
		___ftmul       		CODE           	12EB	0000	181

C:\Program Files (x86)\Microchip\xc8\v1.45\sources\common\ftmul.c estimated size: 181

port.c
		_reset_DWIC    		CODE           	21A0	0000	27

port.c estimated size: 27

C:\Program Files (x86)\Microchip\xc8\v1.45\sources\common\Umul32.c
		___lmul        		CODE           	2572	0000	51

C:\Program Files (x86)\Microchip\xc8\v1.45\sources\common\Umul32.c estimated size: 51

C:\Program Files (x86)\Microchip\xc8\v1.45\sources\common\printf.c
		_printf        		CODE           	215A	0000	23

C:\Program Files (x86)\Microchip\xc8\v1.45\sources\common\printf.c estimated size: 23

shared
		_dpowers       		STRCODE        	2971	0000	11
		__initialization		CODE           	001B	0000	101
		_hexpowers     		STRCODE        	29A2	0000	9
		_sts_length_factors		STRCODE        	2930	0000	15
		_spi1_configuration		STRCODE        	1800	0000	5

shared estimated size: 141

mcc_generated_files/mcc.c
		_PMD_Initialize		CODE           	209E	0000	9
		_OSCILLATOR_Initialize		CODE           	20AF	0000	10
		_SYSTEM_Initialize		CODE           	20E2	0000	13

mcc_generated_files/mcc.c estimated size: 32

C:\Program Files (x86)\Microchip\xc8\v1.45\sources\common\fttol.c
		___fttol       		CODE           	1E4C	0000	136

C:\Program Files (x86)\Microchip\xc8\v1.45\sources\common\fttol.c estimated size: 136

bq25895.c
		_i2c_multi_read		CODE           	1908	0000	84
		_bq25895_WDT_reset		CODE           	2376	0000	39
		_i2c_single_write		CODE           	22B2	0000	29
		_copybits8     		CODE           	208A	0000	6
		_i2c_multi_write		CODE           	2515	0000	46
		_i2c_single_read		CODE           	23EA	0000	41
		_init_bq25895  		CODE           	1056	0000	159

bq25895.c estimated size: 404

C:\Program Files (x86)\Microchip\xc8\v1.45\sources\common\lwdiv.c
		___lwdiv       		CODE           	25A4	0000	53

C:\Program Files (x86)\Microchip\xc8\v1.45\sources\common\lwdiv.c estimated size: 53

pic_control_fun.c
		_set_led_status		CODE           	2308	0000	37
		_set_MSSSP1_mode		CODE           	1F66	0000	155
		_lipo_battery_level		CODE           	239C	0000	39
		_pmic_status_read		CODE           	1195	0000	166
		_process_pmic_status		CODE           	10F4	0000	162

pic_control_fun.c estimated size: 559

C:\Program Files (x86)\Microchip\xc8\v1.45\sources\common\assert.c
		__fassert      		CODE           	2170	0000	23

C:\Program Files (x86)\Microchip\xc8\v1.45\sources\common\assert.c estimated size: 23

mcc_generated_files/eusart.c
		_putch         		CODE           	2086	0000	5
		_EUSART_Write  		CODE           	0800	0000	9
		_printf_string 		CODE           	2131	0000	21
		_EUSART_Initialize		CODE           	20C1	0000	12

mcc_generated_files/eusart.c estimated size: 47

main.c
		_main          		CODE           	1CDB	0000	118
		_Sleep         		CODE           	2412	0000	42

main.c estimated size: 160

decawave.c
		_transmitt_beacon_pkt		CODE           	24BC	0000	45
		_dw_main       		CODE           	1A6E	0000	98

decawave.c estimated size: 143

C:\Program Files (x86)\Microchip\xc8\v1.45\sources\common\memset.c
		_memset        		CODE           	220B	0000	28

C:\Program Files (x86)\Microchip\xc8\v1.45\sources\common\memset.c estimated size: 28

