Microchip MPLAB XC8 Compiler V1.45 ()

Linker command line:

-W-3 --edf=C:\Program Files (x86)\Microchip\xc8\v1.45\dat\en_msgs.txt -cs \
  -h+dist/default/production\uwb_tag3000_pic_host_pro.X.production.sym \
  --cmf=dist/default/production\uwb_tag3000_pic_host_pro.X.production.cmf \
  -z -Q16F18877 -oC:\Users\Admin\AppData\Local\Temp\s10bk.2 \
  -Mdist/default/production/uwb_tag3000_pic_host_pro.X.production.map -E1 \
  -ver=XC8 -ASTACK=021BEh-02eefh -pstack=STACK -ACODE=00h-07FFhx16 \
  -ASTRCODE=00h-07FFFh -ASTRING=00h-0FFhx128 -ACONST=00h-0FFhx128 \
  -AENTRY=00h-0FFhx128 -ACOMMON=070h-07Fh -ABANK0=020h-06Fh \
  -ABANK1=0A0h-0EFh -ABANK2=0120h-016Fh -ABANK3=01A0h-01EFh \
  -ABANK4=0220h-026Fh -ABANK5=02A0h-02EFh -ABANK6=0320h-036Fh \
  -ABANK7=03A0h-03EFh -ABANK8=0420h-046Fh -ABANK9=04A0h-04EFh \
  -ABANK10=0520h-056Fh -ABANK11=05A0h-05EFh -ABANK12=0620h-066Fh \
  -ABANK13=06A0h-06EFh -ABANK14=0720h-076Fh -ABANK15=07A0h-07EFh \
  -ABANK16=0820h-086Fh -ABANK17=08A0h-08EFh -ABANK18=0920h-096Fh \
  -ABANK19=09A0h-09EFh -ABANK20=0A20h-0A6Fh -ABANK21=0AA0h-0AEFh \
  -ABANK22=0B20h-0B6Fh -ABANK23=0BA0h-0BEFh -ABANK24=0C20h-0C6Fh \
  -ABANK25=0CA0h-0CEFh -ABANK26=0D20h-0D6Fh -ABANK27=0DA0h-0DEFh \
  -ABANK28=0E20h-0E6Fh -ABANK29=0EA0h-0EEFh -ABANK30=0F20h-0F6Fh \
  -ABANK31=0FA0h-0FEFh -ABANK32=01020h-0106Fh -ABANK33=010A0h-010EFh \
  -ABANK34=01120h-0116Fh -ABANK35=011A0h-011EFh -ABANK36=01220h-0126Fh \
  -ABANK37=012A0h-012EFh -ABANK38=01320h-0136Fh -ABANK39=013A0h-013EFh \
  -ABANK40=01420h-0146Fh -ABANK41=014A0h-014EFh -ABANK42=01520h-0156Fh \
  -ABANK43=015A0h-015EFh -ABANK44=01620h-0166Fh -ABANK45=016A0h-016EFh \
  -ABANK46=01720h-0176Fh -ABANK47=017A0h-017EFh -ABANK48=01820h-0186Fh \
  -ABANK49=018A0h-018EFh -ABANK50=01920h-0196Fh -ABIGRAM=02000h-02FEFh \
  -ARAM=020h-06Fh,0A0h-0EFh,0120h-016Fh,01A0h-01EFh,0220h-026Fh,02A0h-02EFh,0320h-036Fh,03A0h-03EFh,0420h-046Fh,04A0h-04EFh,0520h-056Fh,05A0h-05EFh,0620h-066Fh,06A0h-06EFh,0720h-076Fh,07A0h-07EFh,0820h-086Fh,08A0h-08EFh,0920h-096Fh,09A0h-09EFh,0A20h-0A6Fh,0AA0h-0AEFh,0B20h-0B6Fh,0BA0h-0BEFh,0C20h-0C6Fh,0CA0h-0CEFh,0D20h-0D6Fh,0DA0h-0DEFh,0E20h-0E6Fh,0EA0h-0EEFh,0F20h-0F6Fh,0FA0h-0FEFh,01020h-0106Fh,010A0h-010EFh,01120h-0116Fh,011A0h-011EFh,01220h-0126Fh,012A0h-012EFh,01320h-0136Fh,013A0h-013EFh,01420h-0146Fh,014A0h-014EFh,01520h-0156Fh,015A0h-015EFh,01620h-0166Fh,016A0h-016EFh,01720h-0176Fh,017A0h-017EFh,01820h-0186Fh,018A0h-018EFh,01920h-0196Fh \
  -AABS1=020h-07Fh,0A0h-0EFh,0120h-016Fh,01A0h-01EFh,0220h-026Fh,02A0h-02EFh,0320h-036Fh,03A0h-03EFh,0420h-046Fh,04A0h-04EFh,0520h-056Fh,05A0h-05EFh,0620h-066Fh,06A0h-06EFh,0720h-076Fh,07A0h-07EFh,0820h-086Fh,08A0h-08EFh,0920h-096Fh,09A0h-09EFh,0A20h-0A6Fh,0AA0h-0AEFh,0B20h-0B6Fh,0BA0h-0BEFh,0C20h-0C6Fh,0CA0h-0CEFh,0D20h-0D6Fh,0DA0h-0DEFh,0E20h-0E6Fh,0EA0h-0EEFh,0F20h-0F6Fh,0FA0h-0FEFh,01020h-0106Fh,010A0h-010EFh,01120h-0116Fh,011A0h-011EFh,01220h-0126Fh,012A0h-012EFh,01320h-0136Fh,013A0h-013EFh,01420h-0146Fh,014A0h-014EFh,01520h-0156Fh,015A0h-015EFh,01620h-0166Fh,016A0h-016EFh,01720h-0176Fh,017A0h-017EFh,01820h-0186Fh,018A0h-018EFh,01920h-0196Fh \
  -ASFR0=00h-01Fh -ASFR1=080h-09Fh -ASFR2=0100h-011Fh -ASFR3=0180h-019Fh \
  -ASFR4=0200h-021Fh -ASFR5=0280h-029Fh -ASFR6=0300h-031Fh \
  -ASFR7=0380h-039Fh -ASFR8=0400h-041Fh -ASFR9=0480h-049Fh \
  -ASFR10=0500h-051Fh -ASFR11=0580h-059Fh -ASFR12=0600h-061Fh \
  -ASFR13=0680h-069Fh -ASFR14=0700h-071Fh -ASFR15=0780h-079Fh \
  -ASFR16=0800h-081Fh -ASFR17=0880h-089Fh -ASFR18=0900h-091Fh \
  -ASFR19=0980h-099Fh -ASFR20=0A00h-0A1Fh -ASFR21=0A80h-0A9Fh \
  -ASFR22=0B00h-0B1Fh -ASFR23=0B80h-0B9Fh -ASFR24=0C00h-0C1Fh \
  -ASFR25=0C80h-0C9Fh -ASFR26=0D00h-0D1Fh -ASFR27=0D80h-0D9Fh \
  -ASFR28=0E00h-0E1Fh -ASFR29=0E80h-0E9Fh -ASFR30=0F00h-0F1Fh \
  -ASFR31=0F80h-0F9Fh -ASFR32=01000h-0101Fh -ASFR33=01080h-0109Fh \
  -ASFR34=01100h-0111Fh -ASFR35=01180h-0119Fh -ASFR36=01200h-0121Fh \
  -ASFR37=01280h-0129Fh -ASFR38=01300h-0131Fh -ASFR39=01380h-0139Fh \
  -ASFR40=01400h-0141Fh -ASFR41=01480h-0149Fh -ASFR42=01500h-0151Fh \
  -ASFR43=01580h-0159Fh -ASFR44=01600h-0161Fh -ASFR45=01680h-0169Fh \
  -ASFR46=01700h-0171Fh -ASFR47=01780h-0179Fh -ASFR48=01800h-0181Fh \
  -ASFR49=01880h-0189Fh -ASFR50=01900h-0191Fh -ASFR51=01980h-019EFh \
  -ASFR52=01A00h-01A6Fh -ASFR53=01A80h-01AEFh -ASFR54=01B00h-01B6Fh \
  -ASFR55=01B80h-01BEFh -ASFR56=01C00h-01C6Fh -ASFR57=01C80h-01CEFh \
  -ASFR58=01D00h-01D6Fh -ASFR59=01D80h-01DEFh -ASFR60=01E00h-01E6Fh \
  -ASFR61=01E80h-01EEFh -ASFR62=01F00h-01F6Fh -ASFR63=01F80h-01FEFh \
  -preset_vec=00h,intentry=04h,init,end_init -ppowerup=CODE -pcinit=CODE \
  -pfunctab=ENTRY -ACONFIG=08007h-0800Bh -pconfig=CONFIG -DCONFIG=2 \
  -AIDLOC=08000h-08003h -pidloc=IDLOC -DIDLOC=2 -AEEDATA=00h-0FFh/0F000h \
  -peeprom_data=EEDATA -DEEDATA=2 -DCODE=2 -DSTRCODE=2 -DSTRING=2 -DCONST=2 \
  -DENTRY=2 -k C:\Users\Admin\AppData\Local\Temp\s10bk.obj \
  dist/default/production\uwb_tag3000_pic_host_pro.X.production.obj 

Object code version is 3.11

Machine type is 16F18877



                Name                               Link     Load   Length Selector   Space Scale
C:\Users\Admin\AppData\Local\Temp\s10bk.obj
                end_init                             19       19        2        8       0
                reset_vec                             0        0        2        0       0
                config                             8007     8007        5    1000E       0
dist/default/production\uwb_tag3000_pic_host_pro.X.production.obj
                cinit                                1B       1B       78        8       0
                intentry                              4        4       15        8       0
                text97                             204D     204D        9     409A       0
                text95                             2056     2056        9     40AC       0
                text94                             23F0     23F0       29     47E0       0
                text93                             1979     1979       59     32F2       0
                text92                             203D     203D        8     407A       0
                text91                             2075     2075        C     40EA       0
                text90                             20B6     20B6       15     416C       0
                text89                             1A8C     1A8C       64     3518       0
                text88                              749      749       B4        8       0
                text87                             1E61     1E61       87     3CC2       0
                text86                             2443     2443       2B     4886       0
                text85                             2528     2528       34     4A50       0
                text84                             246E     246E       2D     48DC       0
                text83                             2045     2045        8     408A       0
                text82                             201D     201D        5     403A       0
                text81                             1440     1440       E4     2880       0
                text80                             20CB     20CB       16     4196       0
                text79                             2419     2419       2A     4832       0
                text78                             205F     205F        B     40BE       0
                text77                             2227     2227       1D     444E       0
                text76                             20E1     20E1       1A     41C2       0
                text75                             212F     212F       1B     425E       0
                text74                             214A     214A       1B     4294       0
                text73                             2307     2307       26     460E       0
                text72                              CB1      CB1      199     1962       0
                text71                             1372     1372       CE     26E4       0
                text70                             275C     275C       51     4EB8       0
                text69                             2280     2280       20     4500       0
                text68                             18CD     18CD       54     319A       0
                text67                              B38      B38      179     1670       0
                text66                             24C8     24C8       30     4990       0
                text65                             2261     2261       1F     44C2       0
                text64                             2687     2687       43     4D0E       0
                text63                             23A0     23A0       28     4740       0
                text62                             1D01     1D01       6F     3A02       0
                text61                             22A0     22A0       20     4540       0
                text60                             2379     2379       27     46F2       0
                text59                              8A1      8A1      12A     1142       0
                text58                             1B57     1B57       69     36AE       0
                text57                             189A     189A       33     3134       0
                text56                             2604     2604       41     4C08       0
                text55                             1612     1612       F1     2C24       0
                text54                             219B     219B       1C     4336       0
                text53                             1000     1000       32     1C94       0
                text52                             1C93     1C93       6E     3926       0
                text51                               93       93      6B6        8       0
                text50                             2645     2645       42     4C8A       0
                text49                             19D2     19D2       5A     33A4       0
                text48                             21B7     21B7       1C     436E       0
                text47                             11F9     11F9       B2     23F2       0
                text46                             1921     1921       58     3242       0
                text45                             10C4     10C4       97     2188       0
                text44                             1DE5     1DE5       7C     3BCA       0
                text43                             25C8     25C8       3C     4B90       0
                text42                             1D70     1D70       75     3AE0       0
                text41                             26CA     26CA       44     4D94       0
                text40                             2244     2244       1D     4488       0
                text39                             2591     2591       37     4B22       0
                text38                             24F8     24F8       30     49F0       0
                text37                              E4A      E4A      1B6     1C94       0
                text36                             2018     2018        1     4030       0
                text35                             201A     201A        3     4034       0
                text34                             1703     1703       FD     2E06       0
                text33                             21D3     21D3       1C     43A6       0
                text32                             21EF     21EF       1C     43DE       0
                text31                              9CB      9CB      16D     1396       0
                text30                             1032     1032       92     2064       0
                text29                             1524     1524       EE     2A48       0
                text28                             20FB     20FB       1A     41F6       0
                text27                             1C29     1C29       6A     3852       0
                text26                             2022     2022        5     4044       0
                text25                             20A6     20A6       10     414C       0
                text24                             2027     2027        5     404E       0
                text23                             202C     202C        5     4058       0
                text22                             2031     2031        5     4062       0
                text21                             206A     206A        B     40D4       0
                text20                             23C8     23C8       28     4790       0
                text19                             220B     220B       1C     4416       0
                text18                             232D     232D       26     465A       0
                text17                             27AD     27AD       53     4F5A       0
                text16                             249B     249B       2D     4936       0
                text15                             115B     115B       9E     22B6       0
                text14                             2165     2165       1B     42CA       0
                text13                             2180     2180       1B     4300       0
                text12                             2353     2353       26     46A6       0
                text11                              800      800       A1     1000       0
                text10                             1A2C     1A2C       60     3458       0
                text9                              2099     2099        D     4132       0
                text8                              1EE8     1EE8       8C     3DD0       0
                text7                              1F74     1F74       8C     3EE8       0
                text6                              255C     255C       35     4AB8       0
                text5                              1AF0     1AF0       67     35E0       0
                text4                              12AB     12AB       C7     2556       0
                text3                              2115     2115       1A     422A       0
                text2                               7FD      7FD        3        8       0
                text1                              270E     270E       4E     4E1C       0
                maintext                           1BC0     1BC0       69     3780       0
                cstackBANK0                          20       20       50       20       1
                cstackCOMMON                         70       70        C       70       1
                cstackBANK1                          A0       A0       39       A0       1
                cstackBANK2                         158      158       13      120       1
                cstackBANK4                         259      259       15      220       1
                clrtext                            2081     2081        C     4102       0
                inittext                           208D     208D        C     411A       0
                bssBANK5                            2A0      2A0       2E      2A0       1
                dataBANK4                           220      220       24      220       1
                bssBANK4                            244      244       15      220       1
                dataBANK3                           1A0      1A0       23      1A0       1
                bssBANK3                            1C3      1C3       20      1A0       1
                dataBANK2                           16B      16B        2      120       1
                bssBANK2                            120      120       38      120       1
                dataBANK1                            D9       D9        7       A0       1
                bssBANK1                             E0       E0        6       A0       1
                dataCOMMON                           7C       7C        1       70       1
                stringtext10                       2898     2898        7     5000       0
                stringtext9                        2880     2880        E     5000       0
                stringtext8                        2862     2862       10     5000       0
                stringtext7                        2851     2851       11     5000       0
                stringtext6                        283E     283E       13     5000       0
                stringtext5                        2824     2824       1A     5000       0
                stringtext4                        2800     2800       24     5000       0
                stringtext3                        1800     1800       9A     3000       0
                stringtext2                        288E     288E        A     5000       0
                stringtext1                        2872     2872        E     5000       0
                idataBANK4                         22E3     22E3       24     45C6       0
                idataBANK3                         22C0     22C0       23     4580       0
                idataBANK2                            2        2        2        0       0
                idataBANK1                         2036     2036        7     406C       0
                idataCOMMON                        2019     2019        1     4032       0

TOTAL           Name                               Link     Load   Length     Space
        CLASS   STACK          

        CLASS   CODE           
                end_init                             19       19        2         0
                cinit                                1B       1B       78         0
                intentry                              4        4       15         0
                reset_vec                             0        0        2         0
                text97                             204D     204D        9         0
                text95                             2056     2056        9         0
                text94                             23F0     23F0       29         0
                text93                             1979     1979       59         0
                text92                             203D     203D        8         0
                text91                             2075     2075        C         0
                text90                             20B6     20B6       15         0
                text89                             1A8C     1A8C       64         0
                text88                              749      749       B4         0
                text87                             1E61     1E61       87         0
                text86                             2443     2443       2B         0
                text85                             2528     2528       34         0
                text84                             246E     246E       2D         0
                text83                             2045     2045        8         0
                text82                             201D     201D        5         0
                text81                             1440     1440       E4         0
                text80                             20CB     20CB       16         0
                text79                             2419     2419       2A         0
                text78                             205F     205F        B         0
                text77                             2227     2227       1D         0
                text76                             20E1     20E1       1A         0
                text75                             212F     212F       1B         0
                text74                             214A     214A       1B         0
                text73                             2307     2307       26         0
                text72                              CB1      CB1      199         0
                text71                             1372     1372       CE         0
                text70                             275C     275C       51         0
                text69                             2280     2280       20         0
                text68                             18CD     18CD       54         0
                text67                              B38      B38      179         0
                text66                             24C8     24C8       30         0
                text65                             2261     2261       1F         0
                text64                             2687     2687       43         0
                text63                             23A0     23A0       28         0
                text62                             1D01     1D01       6F         0
                text61                             22A0     22A0       20         0
                text60                             2379     2379       27         0
                text59                              8A1      8A1      12A         0
                text58                             1B57     1B57       69         0
                text57                             189A     189A       33         0
                text56                             2604     2604       41         0
                text55                             1612     1612       F1         0
                text54                             219B     219B       1C         0
                text53                             1000     1000       32         0
                text52                             1C93     1C93       6E         0
                text51                               93       93      6B6         0
                text50                             2645     2645       42         0
                text49                             19D2     19D2       5A         0
                text48                             21B7     21B7       1C         0
                text47                             11F9     11F9       B2         0
                text46                             1921     1921       58         0
                text45                             10C4     10C4       97         0
                text44                             1DE5     1DE5       7C         0
                text43                             25C8     25C8       3C         0
                text42                             1D70     1D70       75         0
                text41                             26CA     26CA       44         0
                text40                             2244     2244       1D         0
                text39                             2591     2591       37         0
                text38                             24F8     24F8       30         0
                text37                              E4A      E4A      1B6         0
                text36                             2018     2018        1         0
                text35                             201A     201A        3         0
                text34                             1703     1703       FD         0
                text33                             21D3     21D3       1C         0
                text32                             21EF     21EF       1C         0
                text31                              9CB      9CB      16D         0
                text30                             1032     1032       92         0
                text29                             1524     1524       EE         0
                text28                             20FB     20FB       1A         0
                text27                             1C29     1C29       6A         0
                text26                             2022     2022        5         0
                text25                             20A6     20A6       10         0
                text24                             2027     2027        5         0
                text23                             202C     202C        5         0
                text22                             2031     2031        5         0
                text21                             206A     206A        B         0
                text20                             23C8     23C8       28         0
                text19                             220B     220B       1C         0
                text18                             232D     232D       26         0
                text17                             27AD     27AD       53         0
                text16                             249B     249B       2D         0
                text15                             115B     115B       9E         0
                text14                             2165     2165       1B         0
                text13                             2180     2180       1B         0
                text12                             2353     2353       26         0
                text11                              800      800       A1         0
                text10                             1A2C     1A2C       60         0
                text9                              2099     2099        D         0
                text8                              1EE8     1EE8       8C         0
                text7                              1F74     1F74       8C         0
                text6                              255C     255C       35         0
                text5                              1AF0     1AF0       67         0
                text4                              12AB     12AB       C7         0
                text3                              2115     2115       1A         0
                text2                               7FD      7FD        3         0
                text1                              270E     270E       4E         0
                maintext                           1BC0     1BC0       69         0
                clrtext                            2081     2081        C         0
                inittext                           208D     208D        C         0
                idataBANK4                         22E3     22E3       24         0
                idataBANK3                         22C0     22C0       23         0
                idataBANK2                            2        2        2         0
                idataBANK1                         2036     2036        7         0
                idataCOMMON                        2019     2019        1         0

        CLASS   STRCODE        
                stringtext10                       2898     2898        7         0
                stringtext9                        2880     2880        E         0
                stringtext8                        2862     2862       10         0
                stringtext7                        2851     2851       11         0
                stringtext6                        283E     283E       13         0
                stringtext5                        2824     2824       1A         0
                stringtext4                        2800     2800       24         0
                stringtext3                        1800     1800       9A         0
                stringtext2                        288E     288E        A         0
                stringtext1                        2872     2872        E         0

        CLASS   STRING         

        CLASS   CONST          

        CLASS   ENTRY          

        CLASS   COMMON         
                cstackCOMMON                         70       70        C         1
                dataCOMMON                           7C       7C        1         1

        CLASS   BANK0          
                cstackBANK0                          20       20       50         1

        CLASS   BANK1          
                cstackBANK1                          A0       A0       39         1
                dataBANK1                            D9       D9        7         1
                bssBANK1                             E0       E0        6         1

        CLASS   BANK2          
                cstackBANK2                         158      158       13         1
                dataBANK2                           16B      16B        2         1
                bssBANK2                            120      120       38         1

        CLASS   BANK3          
                dataBANK3                           1A0      1A0       23         1
                bssBANK3                            1C3      1C3       20         1

        CLASS   BANK4          
                cstackBANK4                         259      259       15         1
                dataBANK4                           220      220       24         1
                bssBANK4                            244      244       15         1

        CLASS   BANK5          
                bssBANK5                            2A0      2A0       2E         1

        CLASS   BANK6          

        CLASS   BANK7          

        CLASS   BANK8          

        CLASS   BANK9          

        CLASS   BANK10         

        CLASS   BANK11         

        CLASS   BANK12         

        CLASS   BANK13         

        CLASS   BANK14         

        CLASS   BANK15         

        CLASS   BANK16         

        CLASS   BANK17         

        CLASS   BANK18         

        CLASS   BANK19         

        CLASS   BANK20         

        CLASS   BANK21         

        CLASS   BANK22         

        CLASS   BANK23         

        CLASS   BANK24         

        CLASS   BANK25         

        CLASS   BANK26         

        CLASS   BANK27         

        CLASS   BANK28         

        CLASS   BANK29         

        CLASS   BANK30         

        CLASS   BANK31         

        CLASS   BANK32         

        CLASS   BANK33         

        CLASS   BANK34         

        CLASS   BANK35         

        CLASS   BANK36         

        CLASS   BANK37         

        CLASS   BANK38         

        CLASS   BANK39         

        CLASS   BANK40         

        CLASS   BANK41         

        CLASS   BANK42         

        CLASS   BANK43         

        CLASS   BANK44         

        CLASS   BANK45         

        CLASS   BANK46         

        CLASS   BANK47         

        CLASS   BANK48         

        CLASS   BANK49         

        CLASS   BANK50         

        CLASS   BIGRAM         

        CLASS   RAM            

        CLASS   ABS1           
                abs_s1                               7E       7E        2         1
                abs_s1                             17E0     17E0       10         1
                abs_s1                             1820     1820       50         1
                abs_s1                             18A0     18A0       50         1
                abs_s1                             1920     1920       50         1
                abs_s1                             2EF0     2EF0        0         1

        CLASS   SFR0           

        CLASS   SFR1           

        CLASS   SFR2           

        CLASS   SFR3           

        CLASS   SFR4           

        CLASS   SFR5           

        CLASS   SFR6           

        CLASS   SFR7           

        CLASS   SFR8           

        CLASS   SFR9           

        CLASS   SFR10          

        CLASS   SFR11          

        CLASS   SFR12          

        CLASS   SFR13          

        CLASS   SFR14          

        CLASS   SFR15          

        CLASS   SFR16          

        CLASS   SFR17          

        CLASS   SFR18          

        CLASS   SFR19          

        CLASS   SFR20          

        CLASS   SFR21          

        CLASS   SFR22          

        CLASS   SFR23          

        CLASS   SFR24          

        CLASS   SFR25          

        CLASS   SFR26          

        CLASS   SFR27          

        CLASS   SFR28          

        CLASS   SFR29          

        CLASS   SFR30          

        CLASS   SFR31          

        CLASS   SFR32          

        CLASS   SFR33          

        CLASS   SFR34          

        CLASS   SFR35          

        CLASS   SFR36          

        CLASS   SFR37          

        CLASS   SFR38          

        CLASS   SFR39          

        CLASS   SFR40          

        CLASS   SFR41          

        CLASS   SFR42          

        CLASS   SFR43          

        CLASS   SFR44          

        CLASS   SFR45          

        CLASS   SFR46          

        CLASS   SFR47          

        CLASS   SFR48          

        CLASS   SFR49          

        CLASS   SFR50          

        CLASS   SFR51          

        CLASS   SFR52          

        CLASS   SFR53          

        CLASS   SFR54          

        CLASS   SFR55          

        CLASS   SFR56          

        CLASS   SFR57          

        CLASS   SFR58          

        CLASS   SFR59          

        CLASS   SFR60          

        CLASS   SFR61          

        CLASS   SFR62          

        CLASS   SFR63          

        CLASS   CONFIG         
                config                             8007     8007        5         0

        CLASS   IDLOC          

        CLASS   EEDATA         

        CLASS   BANK63         

        CLASS   BANK62         

        CLASS   BANK61         

        CLASS   BANK60         

        CLASS   BANK59         

        CLASS   BANK58         

        CLASS   BANK57         

        CLASS   BANK56         

        CLASS   BANK55         

        CLASS   BANK54         

        CLASS   BANK53         

        CLASS   BANK52         

        CLASS   BANK51         



SEGMENTS        Name                           Load    Length   Top    Selector   Space  Class     Delta

                reset_vec                      000000  000004  000004         0       0  CODE        2
                intentry                       000004  0007FC  000800         8       0  CODE        2
                cstackBANK0                    000020  000050  000070        20       1  BANK0       1
                cstackCOMMON                   000070  00000D  00007D        70       1  COMMON      1
                cstackBANK1                    0000A0  000046  0000E6        A0       1  BANK1       1
                bssBANK2                       000120  00004D  00016D       120       1  BANK2       1
                dataBANK3                      0001A0  000043  0001E3       1A0       1  BANK3       1
                dataBANK4                      000220  00004E  00026E       220       1  BANK4       1
                bssBANK5                       0002A0  00002E  0002CE       2A0       1  BANK5       1
                text11                         000800  0000A1  0008A1      1000       0  CODE        2
                text59                         0008A1  00012A  0009CB      1142       0  CODE        2
                text31                         0009CB  00016D  000B38      1396       0  CODE        2
                text67                         000B38  000179  000CB1      1670       0  CODE        2
                text72                         000CB1  000199  000E4A      1962       0  CODE        2
                text37                         000E4A  0001E8  001032      1C94       0  CODE        2
                text30                         001032  000092  0010C4      2064       0  CODE        2
                text45                         0010C4  000097  00115B      2188       0  CODE        2
                text15                         00115B  00009E  0011F9      22B6       0  CODE        2
                text47                         0011F9  0000B2  0012AB      23F2       0  CODE        2
                text4                          0012AB  0000C7  001372      2556       0  CODE        2
                text71                         001372  0000CE  001440      26E4       0  CODE        2
                text81                         001440  0000E4  001524      2880       0  CODE        2
                text29                         001524  0000EE  001612      2A48       0  CODE        2
                text55                         001612  0000F1  001703      2C24       0  CODE        2
                text34                         001703  0000FD  001800      2E06       0  CODE        2
                stringtext3                    001800  00009A  00189A      3000       0  STRCODE     2
                text57                         00189A  000033  0018CD      3134       0  CODE        2
                text68                         0018CD  000054  001921      319A       0  CODE        2
                text46                         001921  000058  001979      3242       0  CODE        2
                text93                         001979  000059  0019D2      32F2       0  CODE        2
                text49                         0019D2  00005A  001A2C      33A4       0  CODE        2
                text10                         001A2C  000060  001A8C      3458       0  CODE        2
                text89                         001A8C  000064  001AF0      3518       0  CODE        2
                text5                          001AF0  000067  001B57      35E0       0  CODE        2
                text58                         001B57  000069  001BC0      36AE       0  CODE        2
                maintext                       001BC0  000069  001C29      3780       0  CODE        2
                text27                         001C29  00006A  001C93      3852       0  CODE        2
                text52                         001C93  00006E  001D01      3926       0  CODE        2
                text62                         001D01  00006F  001D70      3A02       0  CODE        2
                text42                         001D70  000075  001DE5      3AE0       0  CODE        2
                text44                         001DE5  00007C  001E61      3BCA       0  CODE        2
                text87                         001E61  000087  001EE8      3CC2       0  CODE        2
                text8                          001EE8  00008C  001F74      3DD0       0  CODE        2
                text7                          001F74  00008C  002000      3EE8       0  CODE        2
                text36                         002018  000001  002019      4030       0  CODE        2
                idataCOMMON                    002019  000001  00201A      4032       0  CODE        2
                text35                         00201A  000003  00201D      4034       0  CODE        2
                text82                         00201D  000005  002022      403A       0  CODE        2
                text26                         002022  000005  002027      4044       0  CODE        2
                text24                         002027  000005  00202C      404E       0  CODE        2
                text23                         00202C  000005  002031      4058       0  CODE        2
                text22                         002031  000005  002036      4062       0  CODE        2
                idataBANK1                     002036  000007  00203D      406C       0  CODE        2
                text92                         00203D  000008  002045      407A       0  CODE        2
                text83                         002045  000008  00204D      408A       0  CODE        2
                text97                         00204D  000009  002056      409A       0  CODE        2
                text95                         002056  000009  00205F      40AC       0  CODE        2
                text78                         00205F  00000B  00206A      40BE       0  CODE        2
                text21                         00206A  00000B  002075      40D4       0  CODE        2
                text91                         002075  00000C  002081      40EA       0  CODE        2
                clrtext                        002081  00000C  00208D      4102       0  CODE        2
                inittext                       00208D  00000C  002099      411A       0  CODE        2
                text9                          002099  00000D  0020A6      4132       0  CODE        2
                text25                         0020A6  000010  0020B6      414C       0  CODE        2
                text90                         0020B6  000015  0020CB      416C       0  CODE        2
                text80                         0020CB  000016  0020E1      4196       0  CODE        2
                text76                         0020E1  00001A  0020FB      41C2       0  CODE        2
                text28                         0020FB  00001A  002115      41F6       0  CODE        2
                text3                          002115  00001A  00212F      422A       0  CODE        2
                text75                         00212F  00001B  00214A      425E       0  CODE        2
                text74                         00214A  00001B  002165      4294       0  CODE        2
                text14                         002165  00001B  002180      42CA       0  CODE        2
                text13                         002180  00001B  00219B      4300       0  CODE        2
                text54                         00219B  00001C  0021B7      4336       0  CODE        2
                text48                         0021B7  00001C  0021D3      436E       0  CODE        2
                text33                         0021D3  00001C  0021EF      43A6       0  CODE        2
                text32                         0021EF  00001C  00220B      43DE       0  CODE        2
                text19                         00220B  00001C  002227      4416       0  CODE        2
                text77                         002227  00001D  002244      444E       0  CODE        2
                text40                         002244  00001D  002261      4488       0  CODE        2
                text65                         002261  00001F  002280      44C2       0  CODE        2
                text69                         002280  000020  0022A0      4500       0  CODE        2
                text61                         0022A0  000020  0022C0      4540       0  CODE        2
                idataBANK3                     0022C0  000023  0022E3      4580       0  CODE        2
                idataBANK4                     0022E3  000024  002307      45C6       0  CODE        2
                text73                         002307  000026  00232D      460E       0  CODE        2
                text18                         00232D  000026  002353      465A       0  CODE        2
                text12                         002353  000026  002379      46A6       0  CODE        2
                text60                         002379  000027  0023A0      46F2       0  CODE        2
                text63                         0023A0  000028  0023C8      4740       0  CODE        2
                text20                         0023C8  000028  0023F0      4790       0  CODE        2
                text94                         0023F0  000029  002419      47E0       0  CODE        2
                text79                         002419  00002A  002443      4832       0  CODE        2
                text86                         002443  00002B  00246E      4886       0  CODE        2
                text84                         00246E  00002D  00249B      48DC       0  CODE        2
                text16                         00249B  00002D  0024C8      4936       0  CODE        2
                text66                         0024C8  000030  0024F8      4990       0  CODE        2
                text38                         0024F8  000030  002528      49F0       0  CODE        2
                text85                         002528  000034  00255C      4A50       0  CODE        2
                text6                          00255C  000035  002591      4AB8       0  CODE        2
                text39                         002591  000037  0025C8      4B22       0  CODE        2
                text43                         0025C8  00003C  002604      4B90       0  CODE        2
                text56                         002604  000041  002645      4C08       0  CODE        2
                text50                         002645  000042  002687      4C8A       0  CODE        2
                text64                         002687  000043  0026CA      4D0E       0  CODE        2
                text41                         0026CA  000044  00270E      4D94       0  CODE        2
                text1                          00270E  00004E  00275C      4E1C       0  CODE        2
                text70                         00275C  000051  0027AD      4EB8       0  CODE        2
                text17                         0027AD  000053  002800      4F5A       0  CODE        2
                stringtext4                    002800  00009F  00289F      5000       0  STRCODE     2
                config                         008007  000005  00800C     1000E       0  CONFIG      2


UNUSED ADDRESS RANGES

        Name                Unused          Largest block    Delta
        BANK1            000E6-000EF               A           1
        BANK10           00520-0056F              50           1
        BANK11           005A0-005EF              50           1
        BANK12           00620-0066F              50           1
        BANK13           006A0-006EF              50           1
        BANK14           00720-0076F              50           1
        BANK15           007A0-007EF              50           1
        BANK16           00820-0086F              50           1
        BANK17           008A0-008EF              50           1
        BANK18           00920-0096F              50           1
        BANK19           009A0-009EF              50           1
        BANK2            0016D-0016F               3           1
        BANK20           00A20-00A6F              50           1
        BANK21           00AA0-00AEF              50           1
        BANK22           00B20-00B6F              50           1
        BANK23           00BA0-00BEF              50           1
        BANK24           00C20-00C6F              50           1
        BANK25           00CA0-00CEF              50           1
        BANK26           00D20-00D6F              50           1
        BANK27           00DA0-00DEF              50           1
        BANK28           00E20-00E6F              50           1
        BANK29           00EA0-00EEF              50           1
        BANK3            001E3-001EF               D           1
        BANK30           00F20-00F6F              50           1
        BANK31           00FA0-00FEF              50           1
        BANK32           01020-0106F              50           1
        BANK33           010A0-010EF              50           1
        BANK34           01120-0116F              50           1
        BANK35           011A0-011EF              50           1
        BANK36           01220-0126F              50           1
        BANK37           012A0-012EF              50           1
        BANK38           01320-0136F              50           1
        BANK39           013A0-013EF              50           1
        BANK4            0026E-0026F               2           1
        BANK40           01420-0146F              50           1
        BANK41           014A0-014EF              50           1
        BANK42           01520-0156F              50           1
        BANK43           015A0-015EF              50           1
        BANK44           01620-0166F              50           1
        BANK45           016A0-016EF              50           1
        BANK46           01720-0176F              50           1
        BANK47           017A0-017DF              40           1
        BANK5            002CE-002EF              22           1
        BANK6            00320-0036F              50           1
        BANK7            003A0-003EF              50           1
        BANK8            00420-0046F              50           1
        BANK9            004A0-004EF              50           1
        BIGRAM           02000-02FEF             FF0           1
        CODE             02000-02017              18           2
                         0289F-07FFF             800
        COMMON           0007D-0007D               1           1
        CONST            02000-02017              18           2
                         0289F-07FFF             100
        EEDATA           0F000-0F0FF             100           2
        ENTRY            02000-02017              18           2
                         0289F-07FFF             100
        IDLOC            08000-08003               4           2
        RAM              000E6-000EF               A           1
                         0016D-0016F               3
                         001E3-001EF               D
                         0026E-0026F               2
                         002CE-002EF              22
                         00320-0036F              50
                         003A0-003EF              50
                         00420-0046F              50
                         004A0-004EF              50
                         00520-0056F              50
                         005A0-005EF              50
                         00620-0066F              50
                         006A0-006EF              50
                         00720-0076F              50
                         007A0-007EF              50
                         00820-0086F              50
                         008A0-008EF              50
                         00920-0096F              50
                         009A0-009EF              50
                         00A20-00A6F              50
                         00AA0-00AEF              50
                         00B20-00B6F              50
                         00BA0-00BEF              50
                         00C20-00C6F              50
                         00CA0-00CEF              50
                         00D20-00D6F              50
                         00DA0-00DEF              50
                         00E20-00E6F              50
                         00EA0-00EEF              50
                         00F20-00F6F              50
                         00FA0-00FEF              50
                         01020-0106F              50
                         010A0-010EF              50
                         01120-0116F              50
                         011A0-011EF              50
                         01220-0126F              50
                         012A0-012EF              50
                         01320-0136F              50
                         013A0-013EF              50
                         01420-0146F              50
                         014A0-014EF              50
                         01520-0156F              50
                         015A0-015EF              50
                         01620-0166F              50
                         016A0-016EF              50
                         01720-0176F              50
                         017A0-017DF              40
        SFR0             00000-0001F              20           1
        SFR1             00080-0009F              20           1
        SFR10            00500-0051F              20           1
        SFR11            00580-0059F              20           1
        SFR12            00600-0061F              20           1
        SFR13            00680-0069F              20           1
        SFR14            00700-0071F              20           1
        SFR15            00780-0079F              20           1
        SFR16            00800-0081F              20           1
        SFR17            00880-0089F              20           1
        SFR18            00900-0091F              20           1
        SFR19            00980-0099F              20           1
        SFR2             00100-0011F              20           1
        SFR20            00A00-00A1F              20           1
        SFR21            00A80-00A9F              20           1
        SFR22            00B00-00B1F              20           1
        SFR23            00B80-00B9F              20           1
        SFR24            00C00-00C1F              20           1
        SFR25            00C80-00C9F              20           1
        SFR26            00D00-00D1F              20           1
        SFR27            00D80-00D9F              20           1
        SFR28            00E00-00E1F              20           1
        SFR29            00E80-00E9F              20           1
        SFR3             00180-0019F              20           1
        SFR30            00F00-00F1F              20           1
        SFR31            00F80-00F9F              20           1
        SFR32            01000-0101F              20           1
        SFR33            01080-0109F              20           1
        SFR34            01100-0111F              20           1
        SFR35            01180-0119F              20           1
        SFR36            01200-0121F              20           1
        SFR37            01280-0129F              20           1
        SFR38            01300-0131F              20           1
        SFR39            01380-0139F              20           1
        SFR4             00200-0021F              20           1
        SFR40            01400-0141F              20           1
        SFR41            01480-0149F              20           1
        SFR42            01500-0151F              20           1
        SFR43            01580-0159F              20           1
        SFR44            01600-0161F              20           1
        SFR45            01680-0169F              20           1
        SFR46            01700-0171F              20           1
        SFR47            01780-0179F              20           1
        SFR48            01800-0181F              20           1
        SFR49            01880-0189F              20           1
        SFR5             00280-0029F              20           1
        SFR50            01900-0191F              20           1
        SFR51            01980-019EF              70           1
        SFR52            01A00-01A6F              70           1
        SFR53            01A80-01AEF              70           1
        SFR54            01B00-01B6F              70           1
        SFR55            01B80-01BEF              70           1
        SFR56            01C00-01C6F              70           1
        SFR57            01C80-01CEF              70           1
        SFR58            01D00-01D6F              70           1
        SFR59            01D80-01DEF              70           1
        SFR6             00300-0031F              20           1
        SFR60            01E00-01E6F              70           1
        SFR61            01E80-01EEF              70           1
        SFR62            01F00-01F6F              70           1
        SFR63            01F80-01FEF              70           1
        SFR7             00380-0039F              20           1
        SFR8             00400-0041F              20           1
        SFR9             00480-0049F              20           1
        STACK            021BE-02EEF             D32           1
        STRCODE          02000-02017              18           2
                         0289F-07FFF            5761
        STRING           02000-02017              18           2
                         0289F-07FFF             100

                                  Symbol Table

?___ftmul                                  cstackBANK0  00024
?___ftpack                                 cstackCOMMON 00071
?___fttol                                  cstackBANK0  00034
?___lltoft                                 cstackBANK0  00020
?___lmul                                   cstackCOMMON 00071
?___lwdiv                                  cstackCOMMON 00071
?___lwmod                                  cstackBANK0  00020
?___wmul                                   cstackCOMMON 00071
?__dwt_otpread                             cstackBANK1  000BA
?_decamutexon                              cstackCOMMON 00071
?_dwt_check_dev_id                         cstackBANK1  000BE
?_dwt_configure                            cstackBANK1  000D0
?_dwt_initialise                           cstackBANK1  000C2
?_dwt_pgf_cal                              cstackBANK1  000C8
?_dwt_read16bitoffsetreg                   cstackBANK1  000A0
?_dwt_read32bitoffsetreg                   cstackBANK1  000A0
?_dwt_readdevid                            cstackBANK1  000BA
?_dwt_run_pgfcal                           cstackBANK1  000BA
?_get_sts_mnth                             cstackBANK0  00024
?_printf                                   cstackBANK0  00024
EUSART_Write@txData                        cstackCOMMON 00071
PIN_MANAGER_Initialize@state               cstackCOMMON 0007A
SPI1_ExchangeByte@data                     cstackCOMMON 00071
SPI1_Open@spi1UniqueConfiguration          cstackCOMMON 00076
SPI1_ReadBlock@block                       cstackCOMMON 00072
SPI1_ReadBlock@blockSize                   cstackCOMMON 00074
SPI1_ReadBlock@data                        cstackCOMMON 00077
SPI1_WriteBlock@block                      cstackCOMMON 00072
SPI1_WriteBlock@blockSize                  cstackCOMMON 00074
SPI1_WriteBlock@data                       cstackCOMMON 00076
Sleep@i                                    cstackCOMMON 00076
Sleep@time                                 cstackCOMMON 00071
_ADDR                                      dataBANK3    001B4
_ANSELA                                    (abs)        01F38
_ANSELB                                    (abs)        01F43
_ANSELC                                    (abs)        01F4E
_ANSELD                                    (abs)        01F59
_ANSELE                                    (abs)        01F64
_BAUD1CON                                  (abs)        0011F
_DW3000local                               bssBANK5     002A0
_EUSART_ErrorHandler                       bssBANK2     00144
_EUSART_FramingErrorHandler                bssBANK2     00148
_EUSART_OverrunErrorHandler                bssBANK2     00146
_EUSART_Write                              text83       02045
_GIE                                       (abs)        0005F
_I2C_read_buff                             bssBANK2     0014A
_INTCONbits                                (abs)        0000B
_INTERRUPT_InterruptManager                intentry     00004
_LATA                                      (abs)        00016
_LATAbits                                  (abs)        00016
_LATB                                      (abs)        00017
_LATBbits                                  (abs)        00017
_LATC                                      (abs)        00018
_LATD                                      (abs)        00019
_LATDbits                                  (abs)        00019
_LATE                                      (abs)        0001A
_ODCONA                                    (abs)        01F3A
_ODCONAbits                                (abs)        01F3A
_ODCONB                                    (abs)        01F45
_ODCONBbits                                (abs)        01F45
_ODCONC                                    (abs)        01F50
_ODCOND                                    (abs)        01F5B
_ODCONE                                    (abs)        01F66
_OSCCON1                                   (abs)        0088D
_OSCCON3                                   (abs)        0088F
_OSCEN                                     (abs)        00891
_OSCFRQ                                    (abs)        00893
_OSCILLATOR_Initialize                     text95       02056
_OSCTUNE                                   (abs)        00892
_PIE0bits                                  (abs)        00716
_PIE3bits                                  (abs)        00719
_PIN_MANAGER_Initialize                    text93       01979
_PIR0bits                                  (abs)        0070C
_PIR3bits                                  (abs)        0070F
_PMD0                                      (abs)        00796
_PMD1                                      (abs)        00797
_PMD2                                      (abs)        00798
_PMD3                                      (abs)        00799
_PMD4                                      (abs)        0079A
_PMD5                                      (abs)        0079B
_PMD_Initialize                            text92       0203D
_PORTAbits                                 (abs)        0000C
_PORTBbits                                 (abs)        0000D
_PPSLOCK                                   (abs)        01E8F
_PPSLOCKbits                               (abs)        01E8F
_RC1PPS                                    (abs)        01F21
_RC1REG                                    (abs)        00119
_RC1STA                                    (abs)        0011D
_RC1STAbits                                (abs)        0011D
_RC2PPS                                    (abs)        01F22
_RC3PPS                                    (abs)        01F23
_RC4PPS                                    (abs)        01F24
_RC5PPS                                    (abs)        01F25
_RXPPS                                     (abs)        01ECB
_SP1BRGH                                   (abs)        0011C
_SP1BRGL                                   (abs)        0011B
_SPI1_ExchangeByte                         text78       0205F
_SPI1_Open                                 text10       01A2C
_SPI1_ReadBlock                            text77       02227
_SPI1_WriteBlock                           text76       020E1
_SSP1ADD                                   (abs)        0018D
_SSP1BUF                                   (abs)        0018C
_SSP1CLKPPS                                (abs)        01EC5
_SSP1CON1                                  (abs)        00190
_SSP1CON1bits                              (abs)        00190
_SSP1CON2                                  (abs)        00191
_SSP1CON2bits                              (abs)        00191
_SSP1CON3                                  (abs)        00192
_SSP1DATPPS                                (abs)        01EC6
_SSP1MSK                                   (abs)        0018E
_SSP1STAT                                  (abs)        0018F
_SSP1STATbits                              (abs)        0018F
_SYSTEM_Initialize                         text91       02075
_Sleep                                     text94       023F0
_T0CON0                                    (abs)        0001E
_T0CON0bits                                (abs)        0001E
_T0CON1                                    (abs)        0001F
_TMR0H                                     (abs)        0001D
_TMR0L                                     (abs)        0001C
_TMR0_Initialize                           text90       020B6
_TMR0_Reload                               text97       0204D
_TRISA                                     (abs)        00011
_TRISB                                     (abs)        00012
_TRISC                                     (abs)        00013
_TRISCbits                                 (abs)        00013
_TRISD                                     (abs)        00014
_TRISE                                     (abs)        00015
_TX1REG                                    (abs)        0011A
_TX1STA                                    (abs)        0011E
_TX1STAbits                                (abs)        0011E
_WDTCON0                                   (abs)        0080C
_WPUA                                      (abs)        01F39
_WPUB                                      (abs)        01F44
_WPUC                                      (abs)        01F4F
_WPUD                                      (abs)        01F5A
_WPUE                                      (abs)        01F65
__CFG_BOREN$ON                             (abs)        00000
__CFG_BORV$LO                              (abs)        00000
__CFG_CLKOUTEN$OFF                         (abs)        00000
__CFG_CP$OFF                               (abs)        00000
__CFG_CPD$OFF                              (abs)        00000
__CFG_CSWEN$ON                             (abs)        00000
__CFG_DEBUG$OFF                            (abs)        00000
__CFG_FCMEN$ON                             (abs)        00000
__CFG_FEXTOSC$OFF                          (abs)        00000
__CFG_LPBOREN$OFF                          (abs)        00000
__CFG_LVP$OFF                              (abs)        00000
__CFG_MCLRE$ON                             (abs)        00000
__CFG_PPS1WAY$OFF                          (abs)        00000
__CFG_PWRTE$OFF                            (abs)        00000
__CFG_RSTOSC$HFINT32                       (abs)        00000
__CFG_SCANE$available                      (abs)        00000
__CFG_STVREN$ON                            (abs)        00000
__CFG_WDTCCS$LFINTOSC                      (abs)        00000
__CFG_WDTCPS$WDTCPS_11                     (abs)        00000
__CFG_WDTCWS$WDTCWS_7                      (abs)        00000
__CFG_WDTE$ON                              (abs)        00000
__CFG_WRT$OFF                              (abs)        00000
__CFG_ZCD$OFF                              (abs)        00000
__Habs1                                    abs1         00000
__Hbank0                                   bank0        00000
__Hbank1                                   bank1        00000
__Hbank10                                  bank10       00000
__Hbank11                                  bank11       00000
__Hbank12                                  bank12       00000
__Hbank13                                  bank13       00000
__Hbank14                                  bank14       00000
__Hbank15                                  bank15       00000
__Hbank16                                  bank16       00000
__Hbank17                                  bank17       00000
__Hbank18                                  bank18       00000
__Hbank19                                  bank19       00000
__Hbank2                                   bank2        00000
__Hbank20                                  bank20       00000
__Hbank21                                  bank21       00000
__Hbank22                                  bank22       00000
__Hbank23                                  bank23       00000
__Hbank24                                  bank24       00000
__Hbank25                                  bank25       00000
__Hbank26                                  bank26       00000
__Hbank27                                  bank27       00000
__Hbank28                                  bank28       00000
__Hbank29                                  bank29       00000
__Hbank3                                   bank3        00000
__Hbank30                                  bank30       00000
__Hbank31                                  bank31       00000
__Hbank32                                  bank32       00000
__Hbank33                                  bank33       00000
__Hbank34                                  bank34       00000
__Hbank35                                  bank35       00000
__Hbank36                                  bank36       00000
__Hbank37                                  bank37       00000
__Hbank38                                  bank38       00000
__Hbank39                                  bank39       00000
__Hbank4                                   bank4        00000
__Hbank40                                  bank40       00000
__Hbank41                                  bank41       00000
__Hbank42                                  bank42       00000
__Hbank43                                  bank43       00000
__Hbank44                                  bank44       00000
__Hbank45                                  bank45       00000
__Hbank46                                  bank46       00000
__Hbank47                                  bank47       00000
__Hbank48                                  bank48       00000
__Hbank49                                  bank49       00000
__Hbank5                                   bank5        00000
__Hbank50                                  bank50       00000
__Hbank51                                  bank51       00000
__Hbank52                                  bank52       00000
__Hbank53                                  bank53       00000
__Hbank54                                  bank54       00000
__Hbank55                                  bank55       00000
__Hbank56                                  bank56       00000
__Hbank57                                  bank57       00000
__Hbank58                                  bank58       00000
__Hbank59                                  bank59       00000
__Hbank6                                   bank6        00000
__Hbank60                                  bank60       00000
__Hbank61                                  bank61       00000
__Hbank62                                  bank62       00000
__Hbank63                                  bank63       00000
__Hbank7                                   bank7        00000
__Hbank8                                   bank8        00000
__Hbank9                                   bank9        00000
__Hbigram                                  bigram       00000
__HbssBANK1                                bssBANK1     00000
__HbssBANK2                                bssBANK2     00000
__HbssBANK3                                bssBANK3     00000
__HbssBANK4                                bssBANK4     00000
__HbssBANK5                                bssBANK5     00000
__Hcinit                                   cinit        00093
__Hclrtext                                 clrtext      00000
__Hcode                                    code         00000
__Hcommon                                  common       00000
__Hconfig                                  config       0800C
__HcstackBANK0                             cstackBANK0  00000
__HcstackBANK1                             cstackBANK1  00000
__HcstackBANK2                             cstackBANK2  00000
__HcstackBANK4                             cstackBANK4  00000
__HcstackCOMMON                            cstackCOMMON 00000
__HdataBANK1                               dataBANK1    00000
__HdataBANK2                               dataBANK2    00000
__HdataBANK3                               dataBANK3    00000
__HdataBANK4                               dataBANK4    00000
__HdataCOMMON                              dataCOMMON   00000
__Heeprom_data                             eeprom_data  00000
__Hend_init                                end_init     0001B
__Hfunctab                                 functab      00000
__HidataBANK1                              idataBANK1   00000
__HidataBANK2                              idataBANK2   00000
__HidataBANK3                              idataBANK3   00000
__HidataBANK4                              idataBANK4   00000
__HidataCOMMON                             idataCOMMON  00000
__Hidloc                                   idloc        00000
__Hinit                                    init         00019
__Hinittext                                inittext     00000
__Hintentry                                intentry     00019
__Hmaintext                                maintext     00000
__Hpowerup                                 powerup      00000
__Hram                                     ram          00000
__Hreset_vec                               reset_vec    00002
__Hsfr0                                    sfr0         00000
__Hsfr1                                    sfr1         00000
__Hsfr10                                   sfr10        00000
__Hsfr11                                   sfr11        00000
__Hsfr12                                   sfr12        00000
__Hsfr13                                   sfr13        00000
__Hsfr14                                   sfr14        00000
__Hsfr15                                   sfr15        00000
__Hsfr16                                   sfr16        00000
__Hsfr17                                   sfr17        00000
__Hsfr18                                   sfr18        00000
__Hsfr19                                   sfr19        00000
__Hsfr2                                    sfr2         00000
__Hsfr20                                   sfr20        00000
__Hsfr21                                   sfr21        00000
__Hsfr22                                   sfr22        00000
__Hsfr23                                   sfr23        00000
__Hsfr24                                   sfr24        00000
__Hsfr25                                   sfr25        00000
__Hsfr26                                   sfr26        00000
__Hsfr27                                   sfr27        00000
__Hsfr28                                   sfr28        00000
__Hsfr29                                   sfr29        00000
__Hsfr3                                    sfr3         00000
__Hsfr30                                   sfr30        00000
__Hsfr31                                   sfr31        00000
__Hsfr32                                   sfr32        00000
__Hsfr33                                   sfr33        00000
__Hsfr34                                   sfr34        00000
__Hsfr35                                   sfr35        00000
__Hsfr36                                   sfr36        00000
__Hsfr37                                   sfr37        00000
__Hsfr38                                   sfr38        00000
__Hsfr39                                   sfr39        00000
__Hsfr4                                    sfr4         00000
__Hsfr40                                   sfr40        00000
__Hsfr41                                   sfr41        00000
__Hsfr42                                   sfr42        00000
__Hsfr43                                   sfr43        00000
__Hsfr44                                   sfr44        00000
__Hsfr45                                   sfr45        00000
__Hsfr46                                   sfr46        00000
__Hsfr47                                   sfr47        00000
__Hsfr48                                   sfr48        00000
__Hsfr49                                   sfr49        00000
__Hsfr5                                    sfr5         00000
__Hsfr50                                   sfr50        00000
__Hsfr51                                   sfr51        00000
__Hsfr52                                   sfr52        00000
__Hsfr53                                   sfr53        00000
__Hsfr54                                   sfr54        00000
__Hsfr55                                   sfr55        00000
__Hsfr56                                   sfr56        00000
__Hsfr57                                   sfr57        00000
__Hsfr58                                   sfr58        00000
__Hsfr59                                   sfr59        00000
__Hsfr6                                    sfr6         00000
__Hsfr60                                   sfr60        00000
__Hsfr61                                   sfr61        00000
__Hsfr62                                   sfr62        00000
__Hsfr63                                   sfr63        00000
__Hsfr7                                    sfr7         00000
__Hsfr8                                    sfr8         00000
__Hsfr9                                    sfr9         00000
__Hspace_0                                 (abs)        0800C
__Hspace_1                                 (abs)        002CE
__Hspace_2                                 (abs)        00000
__Hspace_3                                 (abs)        00000
__Hstack                                   stack        00000
__Hstrings                                 strings      00000
__Hstringtext1                             stringtext1  00000
__Hstringtext10                            stringtext10 00000
__Hstringtext11                            stringtext11 00000
__Hstringtext2                             stringtext2  00000
__Hstringtext3                             stringtext3  00000
__Hstringtext4                             stringtext4  00000
__Hstringtext5                             stringtext5  00000
__Hstringtext6                             stringtext6  00000
__Hstringtext7                             stringtext7  00000
__Hstringtext8                             stringtext8  00000
__Hstringtext9                             stringtext9  00000
__Htext                                    text         00000
__Labs1                                    abs1         00000
__Lbank0                                   bank0        00000
__Lbank1                                   bank1        00000
__Lbank10                                  bank10       00000
__Lbank11                                  bank11       00000
__Lbank12                                  bank12       00000
__Lbank13                                  bank13       00000
__Lbank14                                  bank14       00000
__Lbank15                                  bank15       00000
__Lbank16                                  bank16       00000
__Lbank17                                  bank17       00000
__Lbank18                                  bank18       00000
__Lbank19                                  bank19       00000
__Lbank2                                   bank2        00000
__Lbank20                                  bank20       00000
__Lbank21                                  bank21       00000
__Lbank22                                  bank22       00000
__Lbank23                                  bank23       00000
__Lbank24                                  bank24       00000
__Lbank25                                  bank25       00000
__Lbank26                                  bank26       00000
__Lbank27                                  bank27       00000
__Lbank28                                  bank28       00000
__Lbank29                                  bank29       00000
__Lbank3                                   bank3        00000
__Lbank30                                  bank30       00000
__Lbank31                                  bank31       00000
__Lbank32                                  bank32       00000
__Lbank33                                  bank33       00000
__Lbank34                                  bank34       00000
__Lbank35                                  bank35       00000
__Lbank36                                  bank36       00000
__Lbank37                                  bank37       00000
__Lbank38                                  bank38       00000
__Lbank39                                  bank39       00000
__Lbank4                                   bank4        00000
__Lbank40                                  bank40       00000
__Lbank41                                  bank41       00000
__Lbank42                                  bank42       00000
__Lbank43                                  bank43       00000
[...]
      Totals:         1       0       0       0       0       0       0       0       0       0       0       0       0       0       0       0       0       0       0       0       0       0       0       0       0       0       0       0       0       0       0       0       0       0       0       0       0       0       0       0       0       0       0       0       0       0       0       0       0       0       0       0
Total ram usage:        1 bytes
 Hardware stack levels used:    1
 Hardware stack levels required when called:    3
 This function calls:
		_Sleep
 This function is called by:
		_SYSTEM_Initialize
 This function uses a non-reentrant model


 *************** function _Sleep *****************
 Defined at:
		line 280 in file "main.c"
 Parameters:    Size  Location     Type
  time            4    1[COMMON] unsigned long 
 Auto vars:     Size  Location     Type
  i               4    6[COMMON] volatile unsigned long 
 Return value:  Size  Location     Type
                  1    wreg      void 
 Registers used:
		wreg
 Tracked objects:
		On entry : 
		On exit  : 
		Unchanged: 
 Data sizes:     COMMON   BANK0   BANK1   BANK2   BANK3   BANK4   BANK5   BANK6   BANK7   BANK8   BANK9  BANK10  BANK11  BANK12  BANK13  BANK14  BANK15  BANK16  BANK17  BANK18  BANK19  BANK20  BANK21  BANK22  BANK23  BANK24  BANK25  BANK26  BANK27  BANK28  BANK29  BANK30  BANK31  BANK32  BANK33  BANK34  BANK35  BANK36  BANK37  BANK38  BANK39  BANK40  BANK41  BANK42  BANK43  BANK44  BANK45  BANK46  BANK47  BANK48  BANK49  BANK50
      Params:         4       0       0       0       0       0       0       0       0       0       0       0       0       0       0       0       0       0       0       0       0       0       0       0       0       0       0       0       0       0       0       0       0       0       0       0       0       0       0       0       0       0       0       0       0       0       0       0       0       0       0       0
      Locals:         4       0       0       0       0       0       0       0       0       0       0       0       0       0       0       0       0       0       0       0       0       0       0       0       0       0       0       0       0       0       0       0       0       0       0       0       0       0       0       0       0       0       0       0       0       0       0       0       0       0       0       0
      Temps:          1       0       0       0       0       0       0       0       0       0       0       0       0       0       0       0       0       0       0       0       0       0       0       0       0       0       0       0       0       0       0       0       0       0       0       0       0       0       0       0       0       0       0       0       0       0       0       0       0       0       0       0
      Totals:         9       0       0       0       0       0       0       0       0       0       0       0       0       0       0       0       0       0       0       0       0       0       0       0       0       0       0       0       0       0       0       0       0       0       0       0       0       0       0       0       0       0       0       0       0       0       0       0       0       0       0       0
Total ram usage:        9 bytes
 Hardware stack levels used:    1
 Hardware stack levels required when called:    2
 This function calls:
		Nothing
 This function is called by:
		_PIN_MANAGER_Initialize
		_dwt_initialise
		_dwt_configure
		_dwt_run_pgfcal
		_reset_DWIC
		_wakeup_device_with_io
		_dw_main
		_deca_sleep
		_spi_cs_low_delay
		_port_wakeup_dw_ic
 This function uses a non-reentrant model


 *************** function _OSCILLATOR_Initialize *****************
 Defined at:
		line 58 in file "mcc_generated_files/mcc.c"
 Parameters:    Size  Location     Type
		None
 Auto vars:     Size  Location     Type
		None
 Return value:  Size  Location     Type
                  1    wreg      void 
 Registers used:
		wreg, status,2
 Tracked objects:
		On entry : 
		On exit  : 
		Unchanged: 
 Data sizes:     COMMON   BANK0   BANK1   BANK2   BANK3   BANK4   BANK5   BANK6   BANK7   BANK8   BANK9  BANK10  BANK11  BANK12  BANK13  BANK14  BANK15  BANK16  BANK17  BANK18  BANK19  BANK20  BANK21  BANK22  BANK23  BANK24  BANK25  BANK26  BANK27  BANK28  BANK29  BANK30  BANK31  BANK32  BANK33  BANK34  BANK35  BANK36  BANK37  BANK38  BANK39  BANK40  BANK41  BANK42  BANK43  BANK44  BANK45  BANK46  BANK47  BANK48  BANK49  BANK50
      Params:         0       0       0       0       0       0       0       0       0       0       0       0       0       0       0       0       0       0       0       0       0       0       0       0       0       0       0       0       0       0       0       0       0       0       0       0       0       0       0       0       0       0       0       0       0       0       0       0       0       0       0       0
      Locals:         0       0       0       0       0       0       0       0       0       0       0       0       0       0       0       0       0       0       0       0       0       0       0       0       0       0       0       0       0       0       0       0       0       0       0       0       0       0       0       0       0       0       0       0       0       0       0       0       0       0       0       0
      Temps:          0       0       0       0       0       0       0       0       0       0       0       0       0       0       0       0       0       0       0       0       0       0       0       0       0       0       0       0       0       0       0       0       0       0       0       0       0       0       0       0       0       0       0       0       0       0       0       0       0       0       0       0
      Totals:         0       0       0       0       0       0       0       0       0       0       0       0       0       0       0       0       0       0       0       0       0       0       0       0       0       0       0       0       0       0       0       0       0       0       0       0       0       0       0       0       0       0       0       0       0       0       0       0       0       0       0       0
Total ram usage:        0 bytes
 Hardware stack levels used:    1
 Hardware stack levels required when called:    2
 This function calls:
		Nothing
 This function is called by:
		_SYSTEM_Initialize
 This function uses a non-reentrant model


 *************** function _INTERRUPT_InterruptManager *****************
 Defined at:
		line 52 in file "mcc_generated_files/interrupt_manager.c"
 Parameters:    Size  Location     Type
		None
 Auto vars:     Size  Location     Type
		None
 Return value:  Size  Location     Type
                  1    wreg      void 
 Registers used:
		wreg, status,2, status,0, pclath, cstack
 Tracked objects:
		On entry : 
		On exit  : 
		Unchanged: 
 Data sizes:     COMMON   BANK0   BANK1   BANK2   BANK3   BANK4   BANK5   BANK6   BANK7   BANK8   BANK9  BANK10  BANK11  BANK12  BANK13  BANK14  BANK15  BANK16  BANK17  BANK18  BANK19  BANK20  BANK21  BANK22  BANK23  BANK24  BANK25  BANK26  BANK27  BANK28  BANK29  BANK30  BANK31  BANK32  BANK33  BANK34  BANK35  BANK36  BANK37  BANK38  BANK39  BANK40  BANK41  BANK42  BANK43  BANK44  BANK45  BANK46  BANK47  BANK48  BANK49  BANK50
      Params:         0       0       0       0       0       0       0       0       0       0       0       0       0       0       0       0       0       0       0       0       0       0       0       0       0       0       0       0       0       0       0       0       0       0       0       0       0       0       0       0       0       0       0       0       0       0       0       0       0       0       0       0
      Locals:         0       0       0       0       0       0       0       0       0       0       0       0       0       0       0       0       0       0       0       0       0       0       0       0       0       0       0       0       0       0       0       0       0       0       0       0       0       0       0       0       0       0       0       0       0       0       0       0       0       0       0       0
      Temps:          1       0       0       0       0       0       0       0       0       0       0       0       0       0       0       0       0       0       0       0       0       0       0       0       0       0       0       0       0       0       0       0       0       0       0       0       0       0       0       0       0       0       0       0       0       0       0       0       0       0       0       0
      Totals:         1       0       0       0       0       0       0       0       0       0       0       0       0       0       0       0       0       0       0       0       0       0       0       0       0       0       0       0       0       0       0       0       0       0       0       0       0       0       0       0       0       0       0       0       0       0       0       0       0       0       0       0
Total ram usage:        1 bytes
 Hardware stack levels used:    1
 Hardware stack levels required when called:    1
 This function calls:
		_TMR0_Reload
 This function is called by:
		Interrupt level 1
 This function uses a non-reentrant model


 *************** function _TMR0_Reload *****************
 Defined at:
		line 103 in file "mcc_generated_files/tmr0.c"
 Parameters:    Size  Location     Type
		None
 Auto vars:     Size  Location     Type
		None
 Return value:  Size  Location     Type
                  1    wreg      void 
 Registers used:
		wreg, status,2
 Tracked objects:
		On entry : 
		On exit  : 
		Unchanged: 
 Data sizes:     COMMON   BANK0   BANK1   BANK2   BANK3   BANK4   BANK5   BANK6   BANK7   BANK8   BANK9  BANK10  BANK11  BANK12  BANK13  BANK14  BANK15  BANK16  BANK17  BANK18  BANK19  BANK20  BANK21  BANK22  BANK23  BANK24  BANK25  BANK26  BANK27  BANK28  BANK29  BANK30  BANK31  BANK32  BANK33  BANK34  BANK35  BANK36  BANK37  BANK38  BANK39  BANK40  BANK41  BANK42  BANK43  BANK44  BANK45  BANK46  BANK47  BANK48  BANK49  BANK50
      Params:         0       0       0       0       0       0       0       0       0       0       0       0       0       0       0       0       0       0       0       0       0       0       0       0       0       0       0       0       0       0       0       0       0       0       0       0       0       0       0       0       0       0       0       0       0       0       0       0       0       0       0       0
      Locals:         0       0       0       0       0       0       0       0       0       0       0       0       0       0       0       0       0       0       0       0       0       0       0       0       0       0       0       0       0       0       0       0       0       0       0       0       0       0       0       0       0       0       0       0       0       0       0       0       0       0       0       0
      Temps:          0       0       0       0       0       0       0       0       0       0       0       0       0       0       0       0       0       0       0       0       0       0       0       0       0       0       0       0       0       0       0       0       0       0       0       0       0       0       0       0       0       0       0       0       0       0       0       0       0       0       0       0
      Totals:         0       0       0       0       0       0       0       0       0       0       0       0       0       0       0       0       0       0       0       0       0       0       0       0       0       0       0       0       0       0       0       0       0       0       0       0       0       0       0       0       0       0       0       0       0       0       0       0       0       0       0       0
Total ram usage:        0 bytes
 Hardware stack levels used:    1
 This function calls:
		Nothing
 This function is called by:
		_INTERRUPT_InterruptManager
 This function uses a non-reentrant model



MODULE INFORMATION

Module		Function		Class		Link	Load	Size
pic_i2c.c
		_i2c_start     		CODE           	202C	0000	6
		_i2c_restart   		CODE           	2027	0000	6
		_i2c_write     		CODE           	206A	0000	12
		_i2c_stop      		CODE           	2031	0000	6
		_i2c_read      		CODE           	20A6	0000	17
		_i2c_init      		CODE           	2099	0000	14

pic_i2c.c estimated size: 61

C:\Program Files (x86)\Microchip\xc8\v1.45\sources\common\float.c
		___ftpack      		CODE           	1A8C	0000	101

C:\Program Files (x86)\Microchip\xc8\v1.45\sources\common\float.c estimated size: 101

deca_device.c
		_dwt_write32bitoffsetreg		CODE           	18CD	0000	85
		_dwt_write16bitoffsetreg		CODE           	189A	0000	52
		_dwt_enable_rf_tx		CODE           	11F9	0000	179
		_dwt_read32bitoffsetreg		CODE           	1D01	0000	112
		_dwt_read16bitoffsetreg		CODE           	2687	0000	68
		_dwt_configuretxrf		CODE           	1DE5	0000	125
		_dwt_readdevid 		CODE           	2244	0000	30
		_dwt_xfer3000  		CODE           	0CB1	0000	410
		__dwt_kick_ops_table_on_wakeup		CODE           	1AF0	0000	104
		_dwt_force_clocks		CODE           	2604	0000	66
		_dwt_check_dev_id		CODE           	2591	0000	56
		_dwt_initialise		CODE           	0E4A	0000	439
		_dwt_starttx   		CODE           	09CB	0000	366
		_dwt_modify32bitoffsetreg		CODE           	1372	0000	207
		_dwt_modify16bitoffsetreg		CODE           	24C8	0000	49
		_dwt_writetxdata		CODE           	1032	0000	147
		_dwt_readfromdevice		CODE           	2261	0000	32
		_dwt_setrxantennadelay		CODE           	21D3	0000	29
		_dwt_settxantennadelay		CODE           	21EF	0000	29
		_dwt_calcbandwidthadj		CODE           	10C4	0000	152
		_dwt_configuresleep		CODE           	2645	0000	67
		_get_sts_mnth  		CODE           	1C93	0000	111
		_dwt_setinterrupt		CODE           	1703	0000	254
		_dwt_wakeup_ic 		CODE           	07FD	0000	4
		_dwt_setdwstate		CODE           	1612	0000	242
		__dwt_kick_dgc_on_wakeup		CODE           	275C	0000	82
		_dwt_enable_rftx_blocks		CODE           	1921	0000	89
		_dwt_restoreconfig		CODE           	12AB	0000	200
		_dwt_run_pgfcal		CODE           	08A1	0000	299
		_dwt_checkidlerc		CODE           	24F8	0000	49
		__dwt_otpread  		CODE           	1D70	0000	118
		_dwt_disable_rf_tx		CODE           	19D2	0000	91
		__dwt_prog_ldo_and_bias_tune		CODE           	26CA	0000	69
		_dwt_setplenfine		CODE           	219B	0000	29
		_dwt_pgf_cal   		CODE           	1B57	0000	106
		_dwt_disable_rftx_blocks		CODE           	21B7	0000	29
		_dwt_modify8bitoffsetreg		CODE           	23A0	0000	41
		_dwt_generatecrc8		CODE           	2419	0000	43
		_dwt_configure 		CODE           	0093	0000	1719
		_dwt_write8bitoffsetreg		CODE           	2379	0000	40
		_dwt_entersleepaftertx		CODE           	25C8	0000	61
		_dwt_writetxfctrl		CODE           	1524	0000	239
		_dwt_writetodevice		CODE           	2280	0000	33
		_dwt_configmrxlut		CODE           	0B38	0000	378
		_dwt_read8bitoffsetreg		CODE           	22A0	0000	33

deca_device.c estimated size: 7163

C:\Program Files (x86)\Microchip\xc8\v1.45\sources\common\doprnt.c
		_printf        		CODE           	1440	0000	229

C:\Program Files (x86)\Microchip\xc8\v1.45\sources\common\doprnt.c estimated size: 229

deca_mutex.c
		_decamutexon   		CODE           	201A	0000	4
		_decamutexoff  		CODE           	2018	0000	2

deca_mutex.c estimated size: 6

deca_spi.c
		_writetospiwithcrc		CODE           	2307	0000	39
		_readfromspi   		CODE           	212F	0000	28
		_writetospi    		CODE           	214A	0000	28

deca_spi.c estimated size: 95

C:\Program Files (x86)\Microchip\xc8\v1.45\sources\common\lltoft.c
		___lltoft      		CODE           	2443	0000	44

C:\Program Files (x86)\Microchip\xc8\v1.45\sources\common\lltoft.c estimated size: 44

mcc_generated_files/interrupt_manager.c
		_INTERRUPT_InterruptManager		CODE           	0004	0000	22

mcc_generated_files/interrupt_manager.c estimated size: 22

C:\Program Files (x86)\Microchip\xc8\v1.45\sources\common\Umul16.c
		___wmul        		CODE           	2180	0000	28

C:\Program Files (x86)\Microchip\xc8\v1.45\sources\common\Umul16.c estimated size: 28

mcc_generated_files/tmr0.c
		_TMR0_Reload   		CODE           	204D	0000	10
		_TMR0_Initialize		CODE           	20B6	0000	22

mcc_generated_files/tmr0.c estimated size: 32

mcc_generated_files/pin_manager.c
		_PIN_MANAGER_Initialize		CODE           	1979	0000	90

mcc_generated_files/pin_manager.c estimated size: 90

mcc_generated_files/spi1.c
		_SPI1_WriteBlock		CODE           	20E1	0000	27
		_SPI1_ReadBlock		CODE           	2227	0000	30
		_SPI1_Open     		CODE           	1A2C	0000	97
		_SPI1_ExchangeByte		CODE           	205F	0000	12

mcc_generated_files/spi1.c estimated size: 166

C:\Program Files (x86)\Microchip\xc8\v1.45\sources\common\lwmod.c
		___lwmod       		CODE           	246E	0000	46

C:\Program Files (x86)\Microchip\xc8\v1.45\sources\common\lwmod.c estimated size: 46

C:\Program Files (x86)\Microchip\xc8\v1.45\sources\common\ftmul.c
		___ftmul       		CODE           	0749	0000	181

C:\Program Files (x86)\Microchip\xc8\v1.45\sources\common\ftmul.c estimated size: 181

port.c
		_reset_DWIC    		CODE           	20FB	0000	27
		_wakeup_device_with_io		CODE           	2115	0000	27

port.c estimated size: 54

C:\Program Files (x86)\Microchip\xc8\v1.45\sources\common\Umul32.c
		___lmul        		CODE           	1000	0000	51

C:\Program Files (x86)\Microchip\xc8\v1.45\sources\common\Umul32.c estimated size: 51

shared
		_dpowers       		STRCODE        	288E	0000	11
		__initialization		CODE           	001B	0000	117
		_sts_length_factors		STRCODE        	2872	0000	15
		_spi1_configuration		STRCODE        	1800	0000	5

shared estimated size: 148

mcc_generated_files/mcc.c
		_PMD_Initialize		CODE           	203D	0000	9
		_OSCILLATOR_Initialize		CODE           	2056	0000	10
		_SYSTEM_Initialize		CODE           	2075	0000	13

mcc_generated_files/mcc.c estimated size: 32

C:\Program Files (x86)\Microchip\xc8\v1.45\sources\common\fttol.c
		___fttol       		CODE           	1E61	0000	136

C:\Program Files (x86)\Microchip\xc8\v1.45\sources\common\fttol.c estimated size: 136

bq25895.c
		_i2c_multi_read		CODE           	27AD	0000	84
		_bq25895_WDT_reset		CODE           	232D	0000	39
		_i2c_single_write		CODE           	220B	0000	29
		_copybits8     		CODE           	2022	0000	6
		_i2c_multi_write		CODE           	249B	0000	46
		_i2c_single_read		CODE           	23C8	0000	41
		_init_bq25895  		CODE           	115B	0000	159

bq25895.c estimated size: 404

C:\Program Files (x86)\Microchip\xc8\v1.45\sources\common\lwdiv.c
		___lwdiv       		CODE           	2528	0000	53

C:\Program Files (x86)\Microchip\xc8\v1.45\sources\common\lwdiv.c estimated size: 53

pic_control_fun.c
		_set_led_status		CODE           	255C	0000	54
		_set_MSSSP1_mode		CODE           	1EE8	0000	141
		_lipo_battery_level		CODE           	2353	0000	39
		_pmic_status_read		CODE           	1F74	0000	141
		_process_pmic_status		CODE           	0800	0000	162

pic_control_fun.c estimated size: 537

C:\Program Files (x86)\Microchip\xc8\v1.45\sources\common\assert.c
		__fassert      		CODE           	20CB	0000	23

C:\Program Files (x86)\Microchip\xc8\v1.45\sources\common\assert.c estimated size: 23

mcc_generated_files/eusart.c
		_putch         		CODE           	201D	0000	6
		_EUSART_Write  		CODE           	2045	0000	9

mcc_generated_files/eusart.c estimated size: 15

main.c
		_main          		CODE           	1BC0	0000	106
		_Sleep         		CODE           	23F0	0000	42

main.c estimated size: 148

decawave.c
		_transmit_beacon_pkt		CODE           	270E	0000	79
		_dw_main       		CODE           	1C29	0000	107

decawave.c estimated size: 186

C:\Program Files (x86)\Microchip\xc8\v1.45\sources\common\memset.c
		_memset        		CODE           	2165	0000	28

C:\Program Files (x86)\Microchip\xc8\v1.45\sources\common\memset.c estimated size: 28

